<2>[    0.000000] X86_SUBARCH default (0)
<6>[    0.000000] Initializing cgroup subsys cpuset
<6>[    0.000000] Initializing cgroup subsys cpu
<6>[    0.000000] Initializing cgroup subsys cpuacct
<5>[    0.000000] Linux version 3.10.20-263304-g643929e (autobuild@tpeipcbuildslave) (gcc version 4.7 (GCC) ) #1 SMP PREEMPT Tue Sep 1 06:59:27 UTC 2015
<6>[    0.000000] Command line: console=ttyS0,115200 console=logk0 earlyprintk=nologger ptrace.ptrace_can_access=1 nmi_watchdog=panic softlockup_panic=1 loglevel=8 drm.debug=0x0 androidboot.bootmedia=sdcard androidboot.hardware=byt_t_crv2 androidboot.spid=xxxx:xxxx:xxxx:xxxx:xxxx:xxxx androidboot.serialno=01234567890123456789 oops=panic panic=40 vmalloc=172M slub_max_order=2 vga=current i915.modeset=1 drm.vblankoffdelay=1 acpi_backlight=vendor  androidboot.mode=main
<6>[    0.000000] e820: BIOS-provided physical RAM map:
<6>[    0.000000] BIOS-e820: [mem 0x0000000000000000-0x000000000008efff] usable
<6>[    0.000000] BIOS-e820: [mem 0x000000000008f000-0x000000000008ffff] ACPI NVS
<6>[    0.000000] BIOS-e820: [mem 0x0000000000090000-0x000000000009dfff] usable
<6>[    0.000000] BIOS-e820: [mem 0x000000000009e000-0x000000000009ffff] reserved
<6>[    0.000000] BIOS-e820: [mem 0x0000000000100000-0x000000001fffffff] usable
<6>[    0.000000] BIOS-e820: [mem 0x0000000020000000-0x00000000201fffff] reserved
<6>[    0.000000] BIOS-e820: [mem 0x0000000020200000-0x00000000787e3fff] usable
<6>[    0.000000] BIOS-e820: [mem 0x00000000787e4000-0x000000007affffff] reserved
<6>[    0.000000] BIOS-e820: [mem 0x000000007b000000-0x000000007b8c7fff] usable
<6>[    0.000000] BIOS-e820: [mem 0x000000007b8c8000-0x000000007bbc7fff] reserved
<6>[    0.000000] BIOS-e820: [mem 0x000000007bbc8000-0x000000007bbc8fff] usable
<6>[    0.000000] BIOS-e820: [mem 0x000000007bbc9000-0x000000007bbc9fff] reserved
<6>[    0.000000] BIOS-e820: [mem 0x000000007bbca000-0x000000007bbccfff] usable
<6>[    0.000000] BIOS-e820: [mem 0x000000007bbcd000-0x000000007bbcdfff] reserved
<6>[    0.000000] BIOS-e820: [mem 0x000000007bbce000-0x000000007c7fffff] usable
<6>[    0.000000] BIOS-e820: [mem 0x000000007cc00000-0x000000007cc4afff] usable
<6>[    0.000000] BIOS-e820: [mem 0x000000007cc4b000-0x000000007ccb7fff] reserved
<6>[    0.000000] BIOS-e820: [mem 0x000000007ccb8000-0x000000007cdb7fff] ACPI NVS
<6>[    0.000000] BIOS-e820: [mem 0x000000007cdb8000-0x000000007cdf7fff] ACPI data
<6>[    0.000000] BIOS-e820: [mem 0x000000007cdf8000-0x000000007cdfffff] usable
<6>[    0.000000] BIOS-e820: [mem 0x00000000e00f8000-0x00000000e00f8fff] reserved
<6>[    0.000000] BIOS-e820: [mem 0x00000000fed01000-0x00000000fed01fff] reserved
<6>[    0.000000] BIOS-e820: [mem 0x00000000ffd00000-0x00000000ffffffff] reserved
<6>[    0.000000] NX (Execute Disable) protection: active
<6>[    0.000000] efi: EFI v2.40 by INSYDE Corp.
<6>[    0.000000] efi:  ACPI 2.0=0x7cdf7014  SMBIOS=0x7bb80000 
<6>[    0.000000] efi: mem00: type=7, attr=0xf, range=[0x0000000000000000-0x000000000008f000) (0MB)
<6>[    0.000000] efi: mem01: type=10, attr=0xf, range=[0x000000000008f000-0x0000000000090000) (0MB)
<6>[    0.000000] efi: mem02: type=7, attr=0xf, range=[0x0000000000090000-0x000000000009d000) (0MB)
<6>[    0.000000] efi: mem03: type=2, attr=0xf, range=[0x000000000009d000-0x000000000009e000) (0MB)
<6>[    0.000000] efi: mem04: type=0, attr=0xf, range=[0x000000000009e000-0x00000000000a0000) (0MB)
<6>[    0.000000] efi: mem05: type=2, attr=0xf, range=[0x0000000000100000-0x00000000003f1000) (2MB)
<6>[    0.000000] efi: mem06: type=7, attr=0xf, range=[0x00000000003f1000-0x0000000002000000) (28MB)
<6>[    0.000000] efi: mem07: type=2, attr=0xf, range=[0x0000000002000000-0x0000000003779000) (23MB)
<6>[    0.000000] efi: mem08: type=7, attr=0xf, range=[0x0000000003779000-0x0000000020000000) (456MB)
<6>[    0.000000] efi: mem09: type=0, attr=0xf, range=[0x0000000020000000-0x0000000020200000) (2MB)
<6>[    0.000000] efi: mem10: type=7, attr=0xf, range=[0x0000000020200000-0x000000003fffc000) (509MB)
<6>[    0.000000] efi: mem11: type=2, attr=0xf, range=[0x000000003fffc000-0x0000000040000000) (0MB)
<6>[    0.000000] efi: mem12: type=7, attr=0xf, range=[0x0000000040000000-0x00000000748df000) (840MB)
<6>[    0.000000] efi: mem13: type=2, attr=0xf, range=[0x00000000748df000-0x00000000752e4000) (10MB)
<6>[    0.000000] efi: mem14: type=7, attr=0xf, range=[0x00000000752e4000-0x000000007677b000) (20MB)
<6>[    0.000000] efi: mem15: type=4, attr=0xf, range=[0x000000007677b000-0x00000000777e4000) (16MB)
<6>[    0.000000] efi: mem16: type=7, attr=0xf, range=[0x00000000777e4000-0x0000000078471000) (12MB)
<6>[    0.000000] efi: mem17: type=3, attr=0xf, range=[0x0000000078471000-0x00000000787e4000) (3MB)
<6>[    0.000000] efi: mem18: type=0, attr=0xf, range=[0x00000000787e4000-0x000000007b000000) (40MB)
<6>[    0.000000] efi: mem19: type=4, attr=0xf, range=[0x000000007b000000-0x000000007b020000) (0MB)
<6>[    0.000000] efi: mem20: type=7, attr=0xf, range=[0x000000007b020000-0x000000007b68b000) (6MB)
<6>[    0.000000] efi: mem21: type=2, attr=0xf, range=[0x000000007b68b000-0x000000007b6c8000) (0MB)
<6>[    0.000000] efi: mem22: type=7, attr=0xf, range=[0x000000007b6c8000-0x000000007b86b000) (1MB)
<6>[    0.000000] efi: mem23: type=1, attr=0xf, range=[0x000000007b86b000-0x000000007b8c8000) (0MB)
<6>[    0.000000] efi: mem24: type=6, attr=0x800000000000000f, range=[0x000000007b8c8000-0x000000007bbc8000) (3MB)
<6>[    0.000000] efi: mem25: type=4, attr=0xf, range=[0x000000007bbc8000-0x000000007bbc9000) (0MB)
<6>[    0.000000] efi: mem26: type=6, attr=0x800000000000000f, range=[0x000000007bbc9000-0x000000007bbca000) (0MB)
<6>[    0.000000] efi: mem27: type=4, attr=0xf, range=[0x000000007bbca000-0x000000007bbcd000) (0MB)
<6>[    0.000000] efi: mem28: type=6, attr=0x800000000000000f, range=[0x000000007bbcd000-0x000000007bbce000) (0MB)
<6>[    0.000000] efi: mem29: type=4, attr=0xf, range=[0x000000007bbce000-0x000000007c800000) (12MB)
<6>[    0.000000] efi: mem30: type=7, attr=0xf, range=[0x000000007cc00000-0x000000007cc4b000) (0MB)
<6>[    0.000000] efi: mem31: type=5, attr=0x800000000000000f, range=[0x000000007cc4b000-0x000000007ccb8000) (0MB)
<6>[    0.000000] efi: mem32: type=10, attr=0xf, range=[0x000000007ccb8000-0x000000007cdb8000) (1MB)
<6>[    0.000000] efi: mem33: type=9, attr=0xf, range=[0x000000007cdb8000-0x000000007cdf8000) (0MB)
<6>[    0.000000] efi: mem34: type=7, attr=0xf, range=[0x000000007cdf8000-0x000000007cdf9000) (0MB)
<6>[    0.000000] efi: mem35: type=4, attr=0xf, range=[0x000000007cdf9000-0x000000007ce00000) (0MB)
<6>[    0.000000] efi: mem36: type=11, attr=0x8000000000000000, range=[0x00000000e00f8000-0x00000000e00f9000) (0MB)
<6>[    0.000000] efi: mem37: type=11, attr=0x8000000000000000, range=[0x00000000fed01000-0x00000000fed02000) (0MB)
<6>[    0.000000] efi: mem38: type=11, attr=0x8000000000000000, range=[0x00000000ffd00000-0x0000000100000000) (3MB)
<6>[    0.000000] SMBIOS 2.8 present.
<7>[    0.000000] DMI: COMPAL BCX11/BCX11, BIOS BCX11 V0.10.x64 08/27/2015
<7>[    0.000000] e820: update [mem 0x00000000-0x00000fff] usable ==> reserved
<7>[    0.000000] e820: remove [mem 0x000a0000-0x000fffff] usable
<6>[    0.000000] No AGP bridge found
<6>[    0.000000] e820: last_pfn = 0x7ce00 max_arch_pfn = 0x400000000
<7>[    0.000000] MTRR default type: uncachable
<7>[    0.000000] MTRR fixed ranges enabled:
<7>[    0.000000]   00000-9FFFF write-back
<7>[    0.000000]   A0000-FFFFF write-protect
<7>[    0.000000] MTRR variable ranges enabled:
<7>[    0.000000]   0 base 0FFD00000 mask FFFC00000 write-protect
<7>[    0.000000]   1 base 000000000 mask F80000000 write-back
<7>[    0.000000]   2 base 07E000000 mask FFE000000 uncachable
<7>[    0.000000]   3 base 07D000000 mask FFF000000 uncachable
<7>[    0.000000]   4 base 07CE00000 mask FFFE00000 uncachable
<7>[    0.000000]   5 base 07C800000 mask FFFC00000 uncachable
<7>[    0.000000]   6 disabled
<7>[    0.000000]   7 disabled
<6>[    0.000000] x86 PAT enabled: cpu 0, old 0x7040600070406, new 0x7010600070106
<6>[    0.000000] Scanning 1 areas for low memory corruption
<7>[    0.000000] Base memory trampoline at [ffff880000097000] 97000 size 28672
<6>[    0.000000] init_memory_mapping: [mem 0x00000000-0x000fffff]
<7>[    0.000000]  [mem 0x00000000-0x000fffff] page 4k
<7>[    0.000000] BRK [0x034b5000, 0x034b5fff] PGTABLE
<7>[    0.000000] BRK [0x034b6000, 0x034b6fff] PGTABLE
<7>[    0.000000] BRK [0x034b7000, 0x034b7fff] PGTABLE
<6>[    0.000000] init_memory_mapping: [mem 0x7b400000-0x7b5fffff]
<7>[    0.000000]  [mem 0x7b400000-0x7b5fffff] page 2M
<7>[    0.000000] BRK [0x034b8000, 0x034b8fff] PGTABLE
<6>[    0.000000] init_memory_mapping: [mem 0x78000000-0x787e3fff]
<7>[    0.000000]  [mem 0x78000000-0x785fffff] page 2M
<7>[    0.000000]  [mem 0x78600000-0x787e3fff] page 4k
<7>[    0.000000] BRK [0x034b9000, 0x034b9fff] PGTABLE
<6>[    0.000000] init_memory_mapping: [mem 0x7b000000-0x7b3fffff]
<7>[    0.000000]  [mem 0x7b000000-0x7b3fffff] page 2M
<6>[    0.000000] init_memory_mapping: [mem 0x00100000-0x1fffffff]
<7>[    0.000000]  [mem 0x00100000-0x001fffff] page 4k
<7>[    0.000000]  [mem 0x00200000-0x1fffffff] page 2M
<6>[    0.000000] init_memory_mapping: [mem 0x20200000-0x77ffffff]
<7>[    0.000000]  [mem 0x20200000-0x77ffffff] page 2M
<6>[    0.000000] init_memory_mapping: [mem 0x7b600000-0x7b8c7fff]
<7>[    0.000000]  [mem 0x7b600000-0x7b7fffff] page 2M
<7>[    0.000000]  [mem 0x7b800000-0x7b8c7fff] page 4k
<7>[    0.000000] BRK [0x034ba000, 0x034bafff] PGTABLE
<6>[    0.000000] init_memory_mapping: [mem 0x7bbc8000-0x7bbc8fff]
<7>[    0.000000]  [mem 0x7bbc8000-0x7bbc8fff] page 4k
<6>[    0.000000] init_memory_mapping: [mem 0x7bbca000-0x7bbccfff]
<7>[    0.000000]  [mem 0x7bbca000-0x7bbccfff] page 4k
<6>[    0.000000] init_memory_mapping: [mem 0x7bbce000-0x7c7fffff]
<7>[    0.000000]  [mem 0x7bbce000-0x7bbfffff] page 4k
<7>[    0.000000]  [mem 0x7bc00000-0x7c7fffff] page 2M
<6>[    0.000000] init_memory_mapping: [mem 0x7cc00000-0x7cc4afff]
<7>[    0.000000]  [mem 0x7cc00000-0x7cc4afff] page 4k
<6>[    0.000000] init_memory_mapping: [mem 0x7cdf8000-0x7cdfffff]
<7>[    0.000000]  [mem 0x7cdf8000-0x7cdfffff] page 4k
<6>[    0.000000] RAMDISK: [mem 0x00100000-0x003effff]
<4>[    0.000000] ACPI: RSDP 000000007cdf7014 00024 (v02 Insyde)
<4>[    0.000000] ACPI: XSDT 000000007cdd3188 000CC (v01 Insyde   Insyde 00000003      01000013)
<4>[    0.000000] ACPI: FACP 000000007cdf2000 0010C (v05 Insyde   Insyde 00000003 ACPI 00040000)
<4>[    0.000000] ACPI: DSDT 000000007cddf000 0C8C6 (v02 Insyde   Insyde 00000003 ACPI 00040000)
<4>[    0.000000] ACPI: FACS 000000007cdb5000 00040
<4>[    0.000000] ACPI: UEFI 000000007cdf6000 00236 (v01 Insyde   Insyde 00000001 ACPI 00040000)
<4>[    0.000000] ACPI: UEFI 000000007cdf4000 00042 (v01 Insyde   Insyde 00000000 ACPI 00040000)
<4>[    0.000000] ACPI: DBG2 000000007cdf3000 00072 (v00 Insyde   Insyde 00000003 ACPI 00040000)
<4>[    0.000000] ACPI: HPET 000000007cdf1000 00038 (v01 Insyde   Insyde 00000003 ACPI 00040000)
<4>[    0.000000] ACPI: LPIT 000000007cdf0000 00104 (v01 Insyde   Insyde 00000003 ACPI 00040000)
<4>[    0.000000] ACPI: APIC 000000007cdef000 0006C (v03 Insyde   Insyde 00000003 ACPI 00040000)
<4>[    0.000000] ACPI: MCFG 000000007cdee000 0003C (v01 Insyde   Insyde 00000003 ACPI 00040000)
<4>[    0.000000] ACPI: OEM0 000000007cded000 00084 (v05 Insyde   Insyde 00000003 ACPI 00040000)
<4>[    0.000000] ACPI: SLIC 000000007cdec000 00176 (v01 Insyde   Insyde 00000003 ACPI 00040000)
<4>[    0.000000] ACPI: SSDT 000000007cdde000 00763 (v01 Insyde    CpuPm 00003000 ACPI 00040000)
<4>[    0.000000] ACPI: SSDT 000000007cddd000 00290 (v01 Insyde  Cpu0Tst 00003000 ACPI 00040000)
<4>[    0.000000] ACPI: SSDT 000000007cddc000 0017A (v01 Insyde    ApTst 00003000 ACPI 00040000)
<4>[    0.000000] ACPI: EM_1 000000007cddb000 00029 (v00 Insyde   Insyde 00000005 ACPI 00040000)
<4>[    0.000000] ACPI: OEM1 000000007cdda000 00040 (v01 Insyde   Insyde 00000005 ACPI 00040000)
<4>[    0.000000] ACPI: PIDV 000000007cdd9000 000DC (v02 Insyde   Insyde 00000002 ACPI 00040000)
<4>[    0.000000] ACPI: RSCI 000000007cdd8000 0002C (v00 Insyde   Insyde 00000000 ACPI 00040000)
<4>[    0.000000] ACPI: FPDT 000000007cdd7000 00044 (v01 Insyde   Insyde 00000002 ACPI 00040000)
<4>[    0.000000] ACPI: WDAT 000000007cdd6000 00104 (v01 Insyde   Insyde 00000000 ACPI 00040000)
<4>[    0.000000] ACPI: CSRT 000000007cdd5000 0014C (v00 Insyde   Insyde 00000005 ACPI 00040000)
<4>[    0.000000] ACPI: BGRT 000000007cdd4000 00038 (v01 Insyde   Insyde 00000001 ACPI 00040000)
<7>[    0.000000] ACPI: Local APIC address 0xfee00000
<7>[    0.000000]  [ffffea0000000000-ffffea0001ffffff] PMD -> [ffff880074600000-ffff8800765fffff] on node 0
<4>[    0.000000] Zone ranges:
<4>[    0.000000]   DMA      [mem 0x00001000-0x00ffffff]
<4>[    0.000000]   DMA32    [mem 0x01000000-0xffffffff]
<4>[    0.000000]   Normal   empty
<4>[    0.000000] Movable zone start for each node
<4>[    0.000000] Early memory node ranges
<4>[    0.000000]   node   0: [mem 0x00001000-0x0008efff]
<4>[    0.000000]   node   0: [mem 0x00090000-0x0009dfff]
<4>[    0.000000]   node   0: [mem 0x00100000-0x1fffffff]
<4>[    0.000000]   node   0: [mem 0x20200000-0x787e3fff]
<4>[    0.000000]   node   0: [mem 0x7b000000-0x7b8c7fff]
<4>[    0.000000]   node   0: [mem 0x7bbc8000-0x7bbc8fff]
<4>[    0.000000]   node   0: [mem 0x7bbca000-0x7bbccfff]
<4>[    0.000000]   node   0: [mem 0x7bbce000-0x7c7fffff]
<4>[    0.000000]   node   0: [mem 0x7cc00000-0x7cc4afff]
<4>[    0.000000]   node   0: [mem 0x7cdf8000-0x7cdfffff]
<7>[    0.000000] On node 0 totalpages: 498385
<7>[    0.000000]   DMA zone: 64 pages used for memmap
<7>[    0.000000]   DMA zone: 774 pages reserved
<7>[    0.000000]   DMA zone: 3996 pages, LIFO batch:0
<7>[    0.000000]   DMA32 zone: 7928 pages used for memmap
<7>[    0.000000]   DMA32 zone: 494389 pages, LIFO batch:31
<6>[    0.000000] Will Disable HPET for this platform
<6>[    0.000000] ACPI: PM-Timer IO Port: 0x408
<7>[    0.000000] ACPI: Local APIC address 0xfee00000
<6>[    0.000000] ACPI: LAPIC (acpi_id[0x01] lapic_id[0x00] enabled)
<6>[    0.000000] ACPI: LAPIC (acpi_id[0x02] lapic_id[0x02] enabled)
<6>[    0.000000] ACPI: LAPIC (acpi_id[0x03] lapic_id[0x04] enabled)
<6>[    0.000000] ACPI: LAPIC (acpi_id[0x04] lapic_id[0x06] enabled)
<6>[    0.000000] ACPI: IOAPIC (id[0x02] address[0xfec00000] gsi_base[0])
<6>[    0.000000] IOAPIC[0]: apic_id 2, version 32, address 0xfec00000, GSI 0-86
<6>[    0.000000] ACPI: INT_SRC_OVR (bus 0 bus_irq 0 global_irq 2 dfl dfl)
<6>[    0.000000] ACPI: INT_SRC_OVR (bus 0 bus_irq 9 global_irq 9 high level)
<7>[    0.000000] ACPI: IRQ0 used by override.
<7>[    0.000000] ACPI: IRQ2 used by override.
<7>[    0.000000] ACPI: IRQ9 used by override.
<6>[    0.000000] Using ACPI (MADT) for SMP configuration information
<6>[    0.000000] ACPI: HPET id: 0x8086a201 base: 0xfed00000
<6>[    0.000000] smpboot: Allowing 4 CPUs, 0 hotplug CPUs
<7>[    0.000000] nr_irqs_gsi: 103
<6>[    0.000000] intel_mid_pstore_ram: reserved RAM buffer (0x219000@0xfde7000)
<6>[    0.000000] e820: [mem 0x7ce00000-0xe00f7fff] available for PCI devices
<6>[    0.000000] setup_percpu: NR_CPUS:4 nr_cpumask_bits:4 nr_cpu_ids:4 nr_node_ids:1
<6>[    0.000000] PERCPU: Embedded 27 pages/cpu @ffff88007b400000 s81728 r8192 d20672 u524288
<7>[    0.000000] pcpu-alloc: s81728 r8192 d20672 u524288 alloc=1*2097152
<7>[    0.000000] pcpu-alloc: [0] 0 1 2 3 
<4>[    0.000000] Built 1 zonelists in Zone order, mobility grouping on.  Total pages: 489619
<5>[    0.000000] Kernel command line: console=ttyS0,115200 console=logk0 earlyprintk=nologger ptrace.ptrace_can_access=1 nmi_watchdog=panic softlockup_panic=1 loglevel=8 drm.debug=0x0 androidboot.bootmedia=sdcard androidboot.hardware=byt_t_crv2 androidboot.spid=xxxx:xxxx:xxxx:xxxx:xxxx:xxxx androidboot.serialno=01234567890123456789 oops=panic panic=40 vmalloc=172M slub_max_order=2 vga=current i915.modeset=1 drm.vblankoffdelay=1 acpi_backlight=vendor  androidboot.mode=main
<6>[    0.000000] PID hash table entries: 4096 (order: 3, 32768 bytes)
<6>[    0.000000] Dentry cache hash table entries: 262144 (order: 9, 2097152 bytes)
<6>[    0.000000] Inode-cache hash table entries: 131072 (order: 8, 1048576 bytes)
<6>[    0.000000] Checking aperture...
<6>[    0.000000] No AGP bridge found
<6>[    0.000000] Memory: 1897648k/2045952k available (9964k kernel code, 52412k absent, 95892k reserved, 8443k data, 1316k init)
<6>[    0.000000] SLUB: HWalign=64, Order=0-2, MinObjects=0, CPUs=4, Nodes=1
<6>[    0.000000] Preemptible hierarchical RCU implementation.
<6>[    0.000000] 	CONFIG_RCU_FANOUT set to non-default value of 32
<6>[    0.000000] 	Additional per-CPU info printed with stalls.
<6>[    0.000000] NR_IRQS:4352 nr_irqs:1024 16
<6>[    0.000000] Console: colour dummy device 80x25
<6>[    0.000000] console [ttyS0] enabled
<6>[    0.000000] logger: created 256K log 'log_kern_bot'
<6>[    0.000000] console [logk0] enabled
<6>[    0.000000] logger: register logcat console
<6>[    0.000000] kmemleak: Kernel memory leak detector disabled
<6>[    0.000000] tsc: Fast TSC calibration using PIT
<6>[    0.000000] tsc: Detected 1333.387 MHz processor
<6>[    0.000005] Calibrating delay loop (skipped), value calculated using timer frequency.. 2666.77 BogoMIPS (lpj=13333870)
<6>[    0.011968] pid_max: default: 32768 minimum: 301
<6>[    0.017159] init_memory_mapping: [mem 0x7b8c8000-0x7bbc7fff]
<7>[    0.023484]  [mem 0x7b8c8000-0x7bbc7fff] page 4k
<6>[    0.028669] init_memory_mapping: [mem 0x7bbc9000-0x7bbc9fff]
<7>[    0.034993]  [mem 0x7bbc9000-0x7bbc9fff] page 4k
<6>[    0.040161] init_memory_mapping: [mem 0x7bbcd000-0x7bbcdfff]
<7>[    0.046484]  [mem 0x7bbcd000-0x7bbcdfff] page 4k
<6>[    0.051652] init_memory_mapping: [mem 0x7cc4b000-0x7ccb7fff]
<7>[    0.057975]  [mem 0x7cc4b000-0x7ccb7fff] page 4k
<6>[    0.065111] Security Framework initialized
<6>[    0.069699] SELinux:  Initializing.
<7>[    0.073616] SELinux:  Starting in permissive mode
<6>[    0.078899] Mount-cache hash table entries: 256
<6>[    0.084423] Initializing cgroup subsys devices
<6>[    0.089393] Initializing cgroup subsys freezer
<6>[    0.094359] Initializing cgroup subsys blkio
<6>[    0.099128] Initializing cgroup subsys perf_event
<6>[    0.104443] CPU: Physical Processor ID: 0
<6>[    0.108921] CPU: Processor Core ID: 0
<4>[    0.113012] ENERGY_PERF_BIAS: Set to 'normal', was 'performance'
<4>[    0.113012] ENERGY_PERF_BIAS: View and update with x86_energy_perf_policy(8)
<6>[    0.132485] mce: CPU supports 6 MCE banks
<6>[    0.136971] CPU0: Thermal monitoring enabled (TM1)
<6>[    0.142330] Last level iTLB entries: 4KB 0, 2MB 0, 4MB 0
<6>[    0.142330] Last level dTLB entries: 4KB 128, 2MB 0, 4MB 0
<6>[    0.142330] tlb_flushall_shift: 6
<6>[    0.158269] Freeing SMP alternatives: 28k freed
<6>[    0.163343] ACPI: Core revision 20130517
<4>[    0.192701] ACPI: All ACPI Tables successfully acquired
<6>[    0.202338] ftrace: allocating 35674 entries in 140 pages
<6>[    0.242075] smpboot: CPU0: Intel(R) Atom(TM) CPU  Z3735F @ 1.33GHz (fam: 06, model: 37, stepping: 08)
<7>[    0.252439] TSC deadline timer enabled
<6>[    0.256638] Performance Events: no PEBS fmt2+, generic architected perfmon, Intel PMU driver.
<6>[    0.266197] ... version:                3
<6>[    0.270695] ... bit width:              40
<6>[    0.275271] ... generic registers:      2
<6>[    0.279748] ... value mask:             000000ffffffffff
<6>[    0.285692] ... max period:             000000007fffffff
<6>[    0.291628] ... fixed-purpose events:   3
<6>[    0.296114] ... event mask:             0000000700000003
<6>[    0.336311] ftrace: Allocated trace_printk buffers
<6>[    0.408355] NMI watchdog: enabled on all CPUs, permanently consumes one hw-PMU counter.
<6>[    0.386712] smpboot: Booting Node   0, Processors  #1 #2 #3 OK
<6>[    0.484618] Skipped synchronization checks as TSC is reliable.
<6>[    0.491228] Brought up 4 CPUs
<6>[    0.494536] smpboot: Total of 4 processors activated (10667.09 BogoMIPS)
<6>[    0.504276] PM: Registering ACPI NVS region [mem 0x0008f000-0x0008ffff] (4096 bytes)
<6>[    0.512969] PM: Registering ACPI NVS region [mem 0x7ccb8000-0x7cdb7fff] (1048576 bytes)
<6>[    0.525245] regulator-dummy: no parameters
<6>[    0.529893] RTC time:  9:08:32, date: 09/18/15
<6>[    0.535023] NET: Registered protocol family 16
<6>[    0.541021] SPID updated according to ACPI Table:
<6>[    0.546305] 	spid customer id : 0000
<6>[    0.546305] 	spid vendor id : 0000
<6>[    0.546305] 	spid manufacturer id : 0000
<6>[    0.546305] 	spid platform family id : 0007
<6>[    0.546305] 	spid product line id : 0000
<6>[    0.546305] 	spid hardware id : 0007
<6>[    0.546305] 	spid fru[4..0] : 00 00 00 00 00
<6>[    0.546305] 	spid fru[9..5] : 00 00 00 00 00
<6>[    0.546305] 	ssn : BaytrailA4963030
<3>[    0.584915] intel_mid_thermal: Cannot detect exact BYT platform
<3>[    0.591531] intel_mid_thermal: Configuring platform data failed:-22
<6>[    0.598545] ACPI: bus type PCI registered
<6>[    0.603221] PCI: MMCONFIG for domain 0000 [bus 00-3f] at [mem 0xe0000000-0xe3ffffff] (base 0xe0000000)
<6>[    0.613639] PCI: not using MMCONFIG
<6>[    0.617536] PCI: Using configuration type 1 for base access
<6>[    0.632765] bio: create slab <bio-0> at 0
<6>[    0.637718] ACPI: Added _OSI(Module Device)
<6>[    0.642395] ACPI: Added _OSI(Processor Device)
<6>[    0.647374] ACPI: Added _OSI(3.0 _SCP Extensions)
<6>[    0.652633] ACPI: Added _OSI(Processor Aggregator Device)
<7>[    0.667687] ACPI: EC: Look up EC in DSDT
<4>[    0.733859] ACPI: SSDT 000000007af75a18 0047D (v01  PmRef  Cpu0Ist 00003000 INTL 20120913)
<4>[    0.745383] ACPI: Dynamic OEM Table Load:
<4>[    0.749877] ACPI: SSDT           (null) 0047D (v01  PmRef  Cpu0Ist 00003000 INTL 20120913)
<4>[    0.759520] ACPI: SSDT 000000007af74918 00433 (v01  PmRef  Cpu0Cst 00003001 INTL 20120913)
<4>[    0.771018] ACPI: Dynamic OEM Table Load:
<4>[    0.775504] ACPI: SSDT           (null) 00433 (v01  PmRef  Cpu0Cst 00003001 INTL 20120913)
<4>[    0.865589] ACPI: SSDT 000000007af76e18 0015F (v01  PmRef    ApIst 00003000 INTL 20120913)
<4>[    0.877193] ACPI: Dynamic OEM Table Load:
<4>[    0.881679] ACPI: SSDT           (null) 0015F (v01  PmRef    ApIst 00003000 INTL 20120913)
<4>[    0.931063] ACPI: SSDT 000000007affde18 0008D (v01  PmRef    ApCst 00003000 INTL 20120913)
<4>[    0.942580] ACPI: Dynamic OEM Table Load:
<4>[    0.947066] ACPI: SSDT           (null) 0008D (v01  PmRef    ApCst 00003000 INTL 20120913)
<6>[    0.999112] ACPI: Interpreter enabled
<4>[    1.003208] ACPI Exception: AE_NOT_FOUND, While evaluating Sleep State [\_S1_] (20130517/hwxface-568)
<4>[    1.013554] ACPI Exception: AE_NOT_FOUND, While evaluating Sleep State [\_S2_] (20130517/hwxface-568)
<4>[    1.023897] ACPI Exception: AE_NOT_FOUND, While evaluating Sleep State [\_S3_] (20130517/hwxface-568)
<6>[    1.034249] ACPI: (supports S0 S5)
<6>[    1.038049] ACPI: Using IOAPIC for interrupt routing
<6>[    1.043684] PCI: MMCONFIG for domain 0000 [bus 00-3f] at [mem 0xe0000000-0xe3ffffff] (base 0xe0000000)
<6>[    1.060930] [Firmware Info]: PCI: MMCONFIG at [mem 0xe0000000-0xe3ffffff] not reserved in ACPI motherboard resources
<6>[    1.072698] PCI: not using MMCONFIG
<6>[    1.076630] PCI: Using host bridge windows from ACPI; if necessary, use "pci=nocrs" and report a bug
<6>[    1.087342] ACPI: No dock devices found.
<6>[    1.095648] ACPI: Power Resource [USBC] (on)
<6>[    1.141528] ACPI: Power Resource [WWPR] (off)
<6>[    1.193805] ACPI: Power Resource [PLPE] (on)
<6>[    1.212192] ACPI: Power Resource [CLK0] (on)
<6>[    1.217099] ACPI: Power Resource [CLK1] (on)
<6>[    1.224471] ACPI: Power Resource [P28X] (off)
<6>[    1.229489] ACPI: Power Resource [P18X] (off)
<6>[    1.234513] ACPI: Power Resource [P28P] (off)
<6>[    1.239523] ACPI: Power Resource [P18P] (off)
<6>[    1.244543] ACPI: Power Resource [P28T] (off)
<6>[    1.249557] ACPI: Power Resource [P18T] (off)
<6>[    1.254580] ACPI: Power Resource [P1XT] (off)
<6>[    1.262590] ACPI: PCI Root Bridge [PCI0] (domain 0000 [bus 00-ff])
<7>[    1.269683] \_SB_.PCI0:_OSC invalid UUID
<7>[    1.274067] _OSC request data:1 8 0 
<4>[    1.278999] acpi PNP0A08:00: fail to add MMCONFIG information, can't access extended PCI configuration space under this bridge.
<6>[    1.291938] PCI host bridge to bus 0000:00
<6>[    1.296521] pci_bus 0000:00: root bus resource [bus 00-ff]
<6>[    1.302666] pci_bus 0000:00: root bus resource [io  0x0000-0x006f]
<6>[    1.309576] pci_bus 0000:00: root bus resource [io  0x0078-0x0cf7]
<6>[    1.316495] pci_bus 0000:00: root bus resource [io  0x0d00-0xffff]
<6>[    1.323397] pci_bus 0000:00: root bus resource [mem 0x000a0000-0x000bffff]
<6>[    1.331093] pci_bus 0000:00: root bus resource [mem 0x000c0000-0x000dffff]
<6>[    1.338769] pci_bus 0000:00: root bus resource [mem 0x000e0000-0x000fffff]
<6>[    1.346465] pci_bus 0000:00: root bus resource [mem 0x7d000001-0x7f000000]
<6>[    1.354152] pci_bus 0000:00: root bus resource [mem 0x80000000-0x90effffe]
<6>[    1.361847] pci_bus 0000:00: root bus resource [mem 0xfed40000-0xfed40fff]
<7>[    1.369547] pci 0000:00:00.0: [8086:0f00] type 00 class 0x060000
<7>[    1.376495] pci 0000:00:02.0: [8086:0f31] type 00 class 0x030000
<7>[    1.383230] pci 0000:00:02.0: reg 10: [mem 0x90400000-0x907fffff]
<7>[    1.390068] pci 0000:00:02.0: reg 18: [mem 0x80000000-0x8fffffff pref]
<7>[    1.397380] pci 0000:00:02.0: reg 20: [io  0x1000-0x1007]
<7>[    1.403651] pci 0000:00:03.0: [8086:0f38] type 00 class 0x048000
<7>[    1.410383] pci 0000:00:03.0: reg 10: [mem 0x90000000-0x903fffff]
<7>[    1.417461] pci 0000:00:14.0: [8086:0f35] type 00 class 0x0c0330
<7>[    1.424203] pci 0000:00:14.0: reg 10: [mem 0x90e00000-0x90e0ffff 64bit]
<7>[    1.431693] pci 0000:00:14.0: PME# supported from D3hot D3cold
<7>[    1.438410] pci 0000:00:16.0: [8086:0f37] type 00 class 0x0c0380
<6>[    1.445145] EM:OEM1  table found, size=64
<6>[    1.449616] OEM1 charging bit = 1
<7>[    1.453334] pci 0000:00:16.0: reg 10: [mem 0x90800000-0x909fffff]
<7>[    1.460164] pci 0000:00:16.0: reg 14: [mem 0x90e2e000-0x90e2efff]
<7>[    1.467040] pci 0000:00:16.0: PME# supported from D0 D3hot
<7>[    1.473395] pci 0000:00:1a.0: [8086:0f18] type 00 class 0x108000
<7>[    1.480144] pci 0000:00:1a.0: reg 10: [mem 0x90d00000-0x90dfffff]
<7>[    1.486982] pci 0000:00:1a.0: reg 14: [mem 0x90c00000-0x90cfffff]
<7>[    1.493926] pci 0000:00:1a.0: PME# supported from D0 D3hot
<7>[    1.500272] pci 0000:00:1f.0: [8086:0f1c] type 00 class 0x060100
<7>[    1.507250] pci_bus 0000:00: on NUMA node 0
<7>[    1.512111] \_SB_.PCI0:_OSC invalid UUID
<7>[    1.516495] _OSC request data:1 1e 0 
<6>[    1.520609] acpi PNP0A08:00: ACPI _OSC support notification failed, disabling PCIe ASPM
<6>[    1.529569] acpi PNP0A08:00: Unable to request _OSC control (_OSC support mask: 0x08)
<6>[    1.539767] ACPI: PCI Interrupt Link [LNKA] (IRQs 3 4 5 6 10 11 12 14 15) *0, disabled.
<6>[    1.549021] ACPI: PCI Interrupt Link [LNKB] (IRQs 3 4 5 6 10 11 12 14 15) *0, disabled.
<6>[    1.558257] ACPI: PCI Interrupt Link [LNKC] (IRQs 3 4 5 6 10 11 12 14 15) *0, disabled.
<6>[    1.567516] ACPI: PCI Interrupt Link [LNKD] (IRQs 3 4 5 6 10 11 12 14 15) *0, disabled.
<6>[    1.576777] ACPI: PCI Interrupt Link [LNKE] (IRQs 3 4 5 6 10 11 12 14 15) *0, disabled.
<6>[    1.586036] ACPI: PCI Interrupt Link [LNKF] (IRQs 3 4 5 6 10 11 12 14 15) *0, disabled.
<6>[    1.595288] ACPI: PCI Interrupt Link [LNKG] (IRQs 3 4 5 6 10 11 12 14 15) *0, disabled.
<6>[    1.604516] ACPI: PCI Interrupt Link [LNKH] (IRQs 3 4 5 6 10 11 12 14 15) *0, disabled.
<7>[    1.622675] acpi root: \_SB_.PCI0 notify handler is installed
<7>[    1.629324] Found 1 acpi root devices
<6>[    1.633622] vgaarb: device added: PCI:0000:00:02.0,decodes=io+mem,owns=io+mem,locks=none
<6>[    1.642670] vgaarb: loaded
<6>[    1.645704] vgaarb: bridge control possible 0000:00:02.0
<5>[    1.652041] SCSI subsystem initialized
<6>[    1.656244] ACPI: bus type ATA registered
<7>[    1.660885] libata version 3.00 loaded.
<6>[    1.665246] ACPI: bus type USB registered
<6>[    1.669806] usbcore: registered new interface driver usbfs
<6>[    1.675971] usbcore: registered new interface driver hub
<6>[    1.682016] usbcore: registered new device driver usb
<6>[    1.687763] media: Linux media interface: v0.10
<6>[    1.692879] Linux video capture interface: v2.00
<6>[    1.698064] pps_core: LinuxPPS API ver. 1 registered
<6>[    1.703623] pps_core: Software ver. 5.3.6 - Copyright 2005-2007 Rodolfo Giometti <giometti@linux.it>
<6>[    1.713860] PTP clock support registered
<6>[    1.718664] Advanced Linux Sound Architecture Driver Initialized.
<6>[    1.725497] PCI: Using ACPI for IRQ routing
<7>[    1.730174] PCI: pci_cache_line_size set to 64 bytes
<7>[    1.735766] e820: reserve RAM buffer [mem 0x0008f000-0x0008ffff]
<7>[    1.742480] e820: reserve RAM buffer [mem 0x0009e000-0x0009ffff]
<7>[    1.749205] e820: reserve RAM buffer [mem 0x787e4000-0x7bffffff]
<7>[    1.755920] e820: reserve RAM buffer [mem 0x7b8c8000-0x7bffffff]
<7>[    1.762644] e820: reserve RAM buffer [mem 0x7bbc9000-0x7bffffff]
<7>[    1.769357] e820: reserve RAM buffer [mem 0x7bbcd000-0x7bffffff]
<7>[    1.776081] e820: reserve RAM buffer [mem 0x7c800000-0x7fffffff]
<7>[    1.782797] e820: reserve RAM buffer [mem 0x7cc4b000-0x7fffffff]
<7>[    1.789528] e820: reserve RAM buffer [mem 0x7ce00000-0x7fffffff]
<6>[    1.796793] cfg80211: Calling CRDA to update world regulatory domain
<6>[    1.796899] nfc: nfc_init: NFC Core ver 0.1
<6>[    1.796946] NET: Registered protocol family 39
<6>[    1.797317] hsu core clock 100 M
<6>[    1.797319] VLV2: fix up PCI interrupt routing
<6>[    1.797326] Switching to clocksource refined-jiffies
<6>[    1.863264] pnp: PnP ACPI init
<6>[    1.866714] ACPI: bus type PNP registered
<7>[    1.871347] pnp 00:00: Plug and Play ACPI device, IDs PNP0b00 (active)
<7>[    1.878843] pnp 00:01: Plug and Play ACPI device, IDs PNP0103 (active)
<7>[    1.886255] pnp 00:02: Plug and Play ACPI device, IDs INT0800 (active)
<6>[    1.893678] system 00:03: [io  0x0680-0x069f] has been reserved
<6>[    1.900310] system 00:03: [io  0x0400-0x047f] has been reserved
<6>[    1.906930] system 00:03: [io  0x0500-0x05fe] has been reserved
<6>[    1.913558] system 00:03: [io  0x0600-0x061f] has been reserved
<6>[    1.920179] system 00:03: [io  0x164e-0x164f] has been reserved
<7>[    1.926811] system 00:03: Plug and Play ACPI device, IDs PNP0c02 (active)
<7>[    1.934725] pnp 00:04: Plug and Play ACPI device, IDs PNP0501 (active)
<6>[    1.956198] vlv_gpio 00:05: \_SB.GPO0: gpio base 0
<7>[    1.961573] vlv_gpio 00:05: Plug and Play ACPI device, IDs INT33fc (active)
<6>[    1.973219] vlv_gpio 00:06: \_SB.GPO1: gpio base 102
<7>[    1.978784] vlv_gpio 00:06: Plug and Play ACPI device, IDs INT33fc (active)
<6>[    1.992387] vlv_gpio 00:07: \_SB.GPO2: gpio base 130
<7>[    1.997974] vlv_gpio 00:07: Plug and Play ACPI device, IDs INT33fc (active)
<4>[    2.007364] pnp 00:08: unknown resource type 17 in _CRS
<3>[    2.013210] pnp 00:08: can't evaluate _CRS: 1
<7>[    2.018190] pnp 00:08: Plug and Play ACPI device, IDs INTcf1c (active)
<4>[    2.026004] pnp 00:09: unknown resource type 19 in _CRS
<3>[    2.031847] pnp 00:09: can't evaluate _CRS: 1
<7>[    2.036807] pnp 00:09: Plug and Play ACPI device, IDs INT33f5 (active)
<4>[    2.044491] pnp 00:0a: unknown resource type 17 in _CRS
<3>[    2.050346] pnp 00:0a: can't evaluate _CRS: 1
<7>[    2.055302] pnp 00:0a: Plug and Play ACPI device, IDs INTcfd9 PNP0c40 (active)
<7>[    2.063541] pnp 00:0b: Plug and Play ACPI device, IDs INT33bd (active)
<6>[    2.070928] pnp: PnP ACPI: found 12 devices
<6>[    2.075622] ACPI: bus type PNP unregistered
<6>[    2.083875] fts_platform_init:
<6>[    2.087310] [LS][CM32181] cm32181_i2c_init register i2c_CM32181_devices
<6>[    2.099434] Switching to clocksource acpi_pm
<7>[    2.104461] pci_bus 0000:00: resource 4 [io  0x0000-0x006f]
<7>[    2.110732] pci_bus 0000:00: resource 5 [io  0x0078-0x0cf7]
<7>[    2.116988] pci_bus 0000:00: resource 6 [io  0x0d00-0xffff]
<7>[    2.123218] pci_bus 0000:00: resource 7 [mem 0x000a0000-0x000bffff]
<7>[    2.130248] pci_bus 0000:00: resource 8 [mem 0x000c0000-0x000dffff]
<7>[    2.137277] pci_bus 0000:00: resource 9 [mem 0x000e0000-0x000fffff]
<7>[    2.144307] pci_bus 0000:00: resource 10 [mem 0x7d000001-0x7f000000]
<7>[    2.151410] pci_bus 0000:00: resource 11 [mem 0x80000000-0x90effffe]
<7>[    2.158536] pci_bus 0000:00: resource 12 [mem 0xfed40000-0xfed40fff]
<6>[    2.165749] NET: Registered protocol family 2
<6>[    2.171000] TCP established hash table entries: 16384 (order: 6, 262144 bytes)
<6>[    2.179226] TCP bind hash table entries: 16384 (order: 7, 524288 bytes)
<6>[    2.186870] TCP: Hash tables configured (established 16384 bind 16384)
<6>[    2.194263] TCP: reno registered
<6>[    2.197872] UDP hash table entries: 1024 (order: 4, 98304 bytes)
<6>[    2.204652] UDP-Lite hash table entries: 1024 (order: 4, 98304 bytes)
<6>[    2.212088] NET: Registered protocol family 1
<6>[    2.217269] RPC: Registered named UNIX socket transport module.
<6>[    2.223886] RPC: Registered udp transport module.
<6>[    2.229168] RPC: Registered tcp transport module.
<6>[    2.234447] RPC: Registered tcp NFSv4.1 backchannel transport module.
<7>[    2.241662] pci 0000:00:02.0: Boot video device
<6>[    2.344299] pci 0000:00:14.0: power state changed by ACPI to D0
<7>[    2.351197] PCI: CLS 64 bytes, default 64
<6>[    2.355919] Trying to unpack rootfs image as initramfs...
<6>[    2.499195] Freeing initrd memory: 3008k freed
<6>[    2.505860] platform RTL8723:00: wlan-enable GPIO 149 found
<6>[    2.512247] wlan_en_acpi: 1800 mV 
<3>[    2.518843] intel_bytcr_bcntl 1-0023: I2C SMbus Read error:-121
<3>[    2.525483] intel_bytcr_bcntl 1-0023: bcntl init failed
<3>[    2.532993] i2c i2c-2: Failed to register i2c client 10EC5645:00 at 0x1a (-16)
<3>[    2.541093] i2c i2c-2: failed to add I2C device 10EC5645:00 from ACPI
<6>[    2.549926] i2c_designware 80860F41:04: _SEM=1
<6>[    2.554922] i2c_designware 80860F41:04: Share controller with PUNIT
<6>[    2.564873] Dollar Cove(TI: IC_TYPE 0xC2
<6>[    2.576691] intel_mid_i2c_pmic 5-005e: PMIC IRQ Base:456
<6>[    2.584393] Scanning for low memory corruption every 60 seconds
<4>[    2.591199] cryptomgr_test (43) used greatest stack depth: 7168 bytes left
<4>[    2.598911] cryptomgr_test (44) used greatest stack depth: 7048 bytes left
<4>[    2.606823] cryptomgr_test (46) used greatest stack depth: 6848 bytes left
<6>[    2.617841] AVX or AES-NI instructions are not detected.
<6>[    2.623782] AVX instructions are not detected.
<6>[    2.628793] AVX instructions are not detected.
<6>[    2.633760] AVX instructions are not detected.
<6>[    2.638750] AVX instructions are not detected.
<6>[    2.643716] AVX2 or AES-NI instructions are not detected.
<6>[    2.649787] AVX2 instructions are not detected.
<6>[    2.656261] console [pstore-1] enabled
<6>[    2.660478] ramoops: attached 0x219000@0xfde7000, ecc: 0/0
<3>[    2.677364] intel_mid_pstore_ram: uefi_set_pstore_buffer can't set variable PstoreAddr (-22)
<6>[    2.686845] Regulator Devices Found for BYTCRv2.2 (TE. IN.)
<6>[    2.693258] Selecting byt-cr stream map
<6>[    2.697696] vlv2_plat_clk vlv2_plat_clk: vlv2_plat_clk initialized
<6>[    2.704644] camera pdata: I2C bus = 2, name =           ov2685, irq = 0x 0, addr = 0x3c
<6>[    2.713594] camera pdata: I2C bus = 2, name =           gc2235, irq = 0x 0, addr = 0x3c
<6>[    2.722566] camera pdata: I2C bus = 2, name =           imx134, irq = 0x 0, addr = 0x10
<6>[    2.731538] camera pdata: I2C bus = 2, name =           ov2722, irq = 0x 0, addr = 0x36
<6>[    2.740509] camera pdata: I2C bus = 2, name =           lm3554, irq = 0x 0, addr = 0x53
<6>[    2.749480] camera pdata: I2C bus = 2, name =           lm3642, irq = 0x 0, addr = 0x63
<5>[    2.758775] Initialise module verification
<6>[    2.763463] audit: initializing netlink socket (disabled)
<5>[    2.769551] type=2000 audit(1442567312.229:1): initialized
<5>[    2.863771] NFS: Registering the id_resolver key type
<5>[    2.869490] Key type id_resolver registered
<5>[    2.874167] Key type id_legacy registered
<6>[    2.878694] fuse init (API version 7.22)
<6>[    2.883333] msgmni has been set to 3776
<7>[    2.887853] SELinux:  Registering netfilter hooks
<5>[    2.895419] Key type asymmetric registered
<5>[    2.900002] Asymmetric key parser 'x509' registered
<6>[    2.905610] Block layer SCSI generic (bsg) driver version 0.4 loaded (major 248)
<6>[    2.913879] io scheduler noop registered
<6>[    2.918286] io scheduler deadline registered
<6>[    2.923158] io scheduler cfq registered (default)
<6>[    2.928569] virtual_gpio INT0002:00: virtual gpio pin = 2
<3>[    2.935620] lp855x 4-002c: device config err: -121
<4>[    2.940986] lp855x: probe of 4-002c failed with error -121
<6>[    2.947257] efifb: probing for efifb
<6>[    2.953458] efifb: framebuffer at 0x80000000, mapped to 0xffffc90000600000, using 8100k, total 8100k
<6>[    2.963701] efifb: mode is 1920x1080x32, linelength=7680, pages=1
<6>[    2.970534] efifb: scrolling: redraw
<6>[    2.974550] efifb: Truecolor: size=8:8:8:8, shift=24:16:8:0
<6>[    2.980866] fb0: EFI VGA frame buffer device
<7>[    2.985710] intel_idle: MWAIT substates: 0x33000020
<7>[    2.991258] intel_idle: v0.4 model 0x37
<7>[    2.995569] intel_idle: lapic_timer_reliable_states 0xffffffff
<6>[    3.002346] input: Power Button as /devices/LNXSYSTM:00/device:00/PNP0C0C:00/input/input0
<6>[    3.011519] ACPI: Power Button [PWRB]
<6>[    3.015782] input: Power Button as /devices/LNXSYSTM:00/LNXPWRBN:00/input/input1
<6>[    3.024057] ACPI: Power Button [PWRF]
<6>[    3.028424] ACPI: Requesting acpi_cpufreq
<4>[    3.034025] modprobe (110) used greatest stack depth: 6080 bytes left
<6>[    3.055167] intel_mid_dma_acpi: dma_acpi_probe for ADMA0F28
<6>[    3.061788] intel_mid_dma_acpi: dma_acpi_probe for INTL9C60intel_mid_dma_acpi: dma_acpi_probe for INTL9C60
<6>[    3.075066] LDO_8: 1800 <--> 3300 mV at 3300 mV normal 
<6>[    3.084972] LDO_7: 1800 <--> 3300 mV at 3300 mV normal 
<6>[    3.092878] Serial: 8250/16550 driver, 4 ports, IRQ sharing disabled
<6>[    3.120383] 00:04: ttyS0 at I/O 0x3f8 (irq = 4) is a 16550A
<6>[    3.127492] Non-volatile memory driver v1.3
<6>[    3.132226] Linux agpgart interface v0.103
<6>[    3.136965] [drm] Initialized drm 1.1.0 20060810
<6>[    3.146294] brd: module loaded
<6>[    3.151821] loop: module loaded
<7>[    3.155621] mei_txe 0000:00:1a.0: setting latency timer to 64
<7>[    3.165195] mei_txe 0000:00:1a.0: irq 103 for MSI/MSI-X
<6>[    3.214002] tun: Universal TUN/TAP device driver, 1.6
<6>[    3.219676] tun: (C) 1999-2004 Max Krasnyansky <maxk@qualcomm.com>
<6>[    3.226766] e100: Intel(R) PRO/100 Network Driver, 3.5.24-k2-NAPI
<6>[    3.233579] e100: Copyright(c) 1999-2006 Intel Corporation
<6>[    3.239775] e1000: Intel(R) PRO/1000 Network Driver - version 7.3.21-k8-NAPI
<6>[    3.247680] e1000: Copyright (c) 1999-2006 Intel Corporation.
<6>[    3.254143] e1000e: Intel(R) PRO/1000 Network Driver - 2.3.2-k
<6>[    3.260686] e1000e: Copyright(c) 1999 - 2013 Intel Corporation.
<6>[    3.267373] sky2: driver version 1.30
<6>[    3.271599] PPP generic driver version 2.4.2
<6>[    3.276468] PPP BSD Compression module registered
<6>[    3.281726] PPP Deflate Compression module registered
<6>[    3.287413] PPP MPPE Compression module registered
<6>[    3.292769] NET: Registered protocol family 24
<6>[    3.297816] usbcore: registered new interface driver asix
<6>[    3.303887] usbcore: registered new interface driver smsc95xx
<6>[    3.310366] usbcore: registered new interface driver cdc_subset
<6>[    3.317055] usbcore: registered new interface driver cdc_ncm
<6>[    3.323601] dwc3_otg 0000:00:16.0: power state changed by ACPI to D0
<6>[    3.330769] dwc3_otg 0000:00:16.0: power state changed by ACPI to D0
<7>[    3.337905] dwc3_otg 0000:00:16.0: setting latency timer to 64
<6>[    3.345475] dwc3_otg 0000:00:16.0: USB ID detection - Enabled - GPIO
<6>[    3.353276] ehci_hcd: USB 2.0 'Enhanced' Host Controller (EHCI) Driver
<6>[    3.360605] ehci-pci: EHCI PCI platform driver
<6>[    3.365728] dwc3_otg 0000:00:16.0: power state changed by ACPI to D3hot
<3>[    3.373207] BYT-USH 0000:00:14.0: Don't match this driver
<6>[    3.379342] xhci_hcd 0000:00:14.0: power state changed by ACPI to D0
<7>[    3.386523] xhci_hcd 0000:00:14.0: setting latency timer to 64
<6>[    3.393047] xhci_hcd 0000:00:14.0: xHCI Host Controller
<6>[    3.399003] xhci_hcd 0000:00:14.0: new USB bus registered, assigned bus number 1
<4>[    3.407718] xhci_hcd 0000:00:14.0: Root hub is not suspended
<7>[    3.414053] xhci_hcd 0000:00:14.0: cache line size of 64 is not supported
<7>[    3.421711] xhci_hcd 0000:00:14.0: irq 104 for MSI/MSI-X
<6>[    3.427791] usb usb1: New USB device found, idVendor=1d6b, idProduct=0002
<6>[    3.435407] usb usb1: New USB device strings: Mfr=3, Product=2, SerialNumber=1
<6>[    3.443483] usb usb1: Product: xHCI Host Controller
<6>[    3.448959] usb usb1: Manufacturer: Linux 3.10.20-263304-g643929e xhci_hcd
<6>[    3.456669] usb usb1: SerialNumber: 0000:00:14.0
<7>[    3.462027] xHCI xhci_add_endpoint called for root hub
<7>[    3.467796] xHCI xhci_check_bandwidth called for root hub
<6>[    3.473906] hub 1-0:1.0: USB hub found
<6>[    3.478144] hub 1-0:1.0: 6 ports detected
<6>[    3.534299] xhci_hcd 0000:00:14.0: xHCI Host Controller
<6>[    3.540242] xhci_hcd 0000:00:14.0: new USB bus registered, assigned bus number 2
<6>[    3.548613] usb usb2: New USB device found, idVendor=1d6b, idProduct=0003
<6>[    3.556229] usb usb2: New USB device strings: Mfr=3, Product=2, SerialNumber=1
<6>[    3.564334] usb usb2: Product: xHCI Host Controller
<6>[    3.569788] usb usb2: Manufacturer: Linux 3.10.20-263304-g643929e xhci_hcd
<6>[    3.574314] tsc: Refined TSC clocksource calibration: 1333.333 MHz
<6>[    3.574321] Switching to clocksource tsc
<6>[    3.588829] usb usb2: SerialNumber: 0000:00:14.0
<7>[    3.594175] xHCI xhci_add_endpoint called for root hub
<7>[    3.599936] xHCI xhci_check_bandwidth called for root hub
<6>[    3.606061] hub 2-0:1.0: USB hub found
<6>[    3.610263] hub 2-0:1.0: 1 port detected
<6>[    3.664392] usbcore: registered new interface driver cdc_acm
<6>[    3.670720] cdc_acm: USB Abstract Control Model driver for USB modems and ISDN adapters
<6>[    3.679737] usbcore: registered new interface driver usb-storage
<6>[    3.686490] usbcore: registered new interface driver ums-sddr09
<6>[    3.693132] usbcore: registered new interface driver ums-sddr55
<6>[    3.699792] usbcore: registered new interface driver usb_tm
<4>[    3.706303] [Focal][Touch] Android fts_ts_init !
<4>[    3.711487] [FocalTech]: fts_ts Probe Function Start
<6>[    3.717086] [ftxxxx] gpio_request reset gpio Num: 128
<6>[    3.722741] [ftxxxx] gpio_request int gpio Num: 133
<4>[    3.728341] [FocalTech]: Request IRQ PASS
<4>[    3.732823] [FocalTech]: input_allocate_device
<6>[    3.737927] input: ft5x26 as /devices/virtual/input/input2
<6>[    3.804273] usb 1-2: new high-speed USB device number 2 using xhci_hcd
<6>[    3.824422] usb 1-2: New USB device found, idVendor=0424, idProduct=9514
<6>[    3.831917] usb 1-2: New USB device strings: Mfr=0, Product=0, SerialNumber=0
<6>[    3.840278] hub 1-2:1.0: USB hub found
<6>[    3.844534] hub 1-2:1.0: 5 ports detected
<3>[    3.849079] ft5x26 4-0038: fts_i2c_Write i2c write error.
<3>[    3.914897] ft5x26 4-0038: fts_i2c_Read:i2c read error.
<4>[    3.920740] Brandy HidtoI2C,REG1= 0x0,REG2=0x0,REG3=0x0, iRet=-121
<3>[    3.927667] HidI2c_To_StdI2c error.
<3>[    3.932166] ft5x26 4-0038: fts_i2c_Write i2c write error.
<3>[    3.994894] ft5x26 4-0038: fts_i2c_Read:i2c read error.
<4>[    4.000737] Brandy HidtoI2C,REG1= 0x0,REG2=0x0,REG3=0x0, iRet=-121
<3>[    4.007657] HidI2c_To_StdI2c error.
<3>[    4.012153] ft5x26 4-0038: fts_i2c_Write i2c write error.
<3>[    4.074895] ft5x26 4-0038: fts_i2c_Read:i2c read error.
<4>[    4.080738] Brandy HidtoI2C,REG1= 0x0,REG2=0x0,REG3=0x0, iRet=-121
<3>[    4.087658] HidI2c_To_StdI2c error.
<3>[    4.092155] ft5x26 4-0038: fts_i2c_Write i2c write error.
<6>[    4.124301] usb 1-2.1: new high-speed USB device number 3 using xhci_hcd
<6>[    4.144592] usb 1-2.1: New USB device found, idVendor=0424, idProduct=ec00
<6>[    4.152283] usb 1-2.1: New USB device strings: Mfr=1, Product=2, SerialNumber=3
<6>[    4.160469] usb 1-2.1: Product: LAN9514
<6>[    4.164787] usb 1-2.1: Manufacturer: SMSC
<3>[    4.164795] ft5x26 4-0038: fts_i2c_Read:i2c read error.
<4>[    4.164798] Brandy HidtoI2C,REG1= 0x0,REG2=0x0,REG3=0x0, iRet=-121
<3>[    4.164800] HidI2c_To_StdI2c error.
<6>[    4.185922] usb 1-2.1: SerialNumber: 0095190b
<3>[    4.190819] ft5x26 4-0038: fts_i2c_Write i2c write error.
<6>[    4.193265] smsc95xx v1.0.4
<3>[    4.254899] ft5x26 4-0038: fts_i2c_Read:i2c read error.
<6>[    4.255843] smsc95xx 1-2.1:1.0 eth0: register 'smsc95xx' at usb-0000:00:14.0-2.1, smsc95xx USB 2.0 Ethernet, 00:04:5f:a1:75:8d
<4>[    4.273489] Brandy HidtoI2C,REG1= 0x0,REG2=0x0,REG3=0x0, iRet=-121
<3>[    4.280408] HidI2c_To_StdI2c error.
<3>[    4.314891] ft5x26 4-0038: ffts_i2c_Read: i2c read error.
<4>[    4.320928] [FocalTech] Firmware version = 0xff
<4>[    4.326002] [fts] chip does not exits
<3>[    4.330697] ft5x26 4-0038: ffts_i2c_Read: i2c read error.
<6>[    4.334299] usb 1-2.3: new high-speed USB device number 4 using xhci_hcd
<4>[    4.344232] [FocalTech] report rate is 2550Hz.
<3>[    4.349808] ft5x26 4-0038: ffts_i2c_Read: i2c read error.
<6>[    4.354500] usb 1-2.3: New USB device found, idVendor=1a40, idProduct=0201
<6>[    4.354505] usb 1-2.3: New USB device strings: Mfr=0, Product=1, SerialNumber=0
<6>[    4.354509] usb 1-2.3: Product: USB 2.0 Hub [MTT]
<6>[    4.354921] hub 1-2.3:1.0: USB hub found
<6>[    4.354960] hub 1-2.3:1.0: 7 ports detected
<4>[    4.385988] [FocalTech] touch threshold is 1020.
<3>[    4.391744] ft5x26 4-0038: ffts_i2c_Read: i2c read error.
<4>[    4.397795] [Focal] VENDOR ID = 0xff
<6>[    4.401828] Successfully added driver ft5x26
<6>[    4.406638] [LS][CM32181] cm32181_probe
<6>[    4.411025] input: cm32181-ls as /devices/virtual/input/input3
<6>[    4.434295] [LS][CM32181] initial_cm32181, INTERRUPT GPIO val = 1
<6>[    4.434311] usb 1-2.5: new full-speed USB device number 5 using xhci_hcd
<6>[    4.449355] [LS][CM32181 error] I2C_TxData, i2c err, slaveAddr 0x48, value 0x0, ISR gpio136  = 1, record_init_fail 0
<4>[    4.455204] usb 1-2.5: No LPM exit latency info found.  Power management will be impacted.
<6>[    4.457267] usb 1-2.5: New USB device found, idVendor=04f3, idProduct=2216
<6>[    4.457272] usb 1-2.5: New USB device strings: Mfr=4, Product=14, SerialNumber=0
<6>[    4.457276] usb 1-2.5: Product: Touchscreen
<6>[    4.457279] usb 1-2.5: Manufacturer: ELAN
<6>[    4.634298] usb 1-2.3.2: new low-speed USB device number 6 using xhci_hcd
<6>[    4.660314] usb 1-2.3.2: New USB device found, idVendor=0461, idProduct=0010
<6>[    4.668215] usb 1-2.3.2: New USB device strings: Mfr=1, Product=2, SerialNumber=0
<6>[    4.676620] usb 1-2.3.2: Product: USB Keyboard
<6>[    4.681608] usb 1-2.3.2: Manufacturer: NOVATEK
<6>[    4.686664] [LS][CM32181 error] I2C_TxData, i2c err, slaveAddr 0x48, value 0x0, ISR gpio136  = 1, record_init_fail 0
<4>[    4.686753] usb 1-2.3.2: ep 0x81 - rounding interval to 64 microframes, ep desc says 80 microframes
<4>[    4.686765] usb 1-2.3.2: ep 0x82 - rounding interval to 64 microframes, ep desc says 80 microframes
<3>[    4.734274] [PS_ERR][CM32181 error] I2C_TxData retry over 10
<3>[    4.740723] [PS_ERR][CM32181 error]_cm32181_I2C_Write_Word: I2C_TxData fail
<6>[    4.749173] [LS][CM32181 error] I2C_TxData, i2c err, slaveAddr 0x48, value 0x0, ISR gpio136  = 1, record_init_fail 0
<6>[    4.794300] usb 1-2.3.4: new low-speed USB device number 7 using xhci_hcd
<6>[    4.817960] usb 1-2.3.4: New USB device found, idVendor=0461, idProduct=4d0f
<6>[    4.825858] usb 1-2.3.4: New USB device strings: Mfr=0, Product=2, SerialNumber=0
<6>[    4.834224] usb 1-2.3.4: Product: USB Optical Mouse
<4>[    4.839824] usb 1-2.3.4: ep 0x81 - rounding interval to 64 microframes, ep desc says 80 microframes
<6>[    4.934862] [LS][CM32181 error] I2C_TxData, i2c err, slaveAddr 0x48, value 0x0, ISR gpio136  = 1, record_init_fail 0
<3>[    4.964258] [PS_ERR][CM32181 error] I2C_TxData retry over 10
<3>[    4.970585] [PS_ERR][CM32181 error]_cm32181_I2C_Write_Word: I2C_TxData fail
<6>[    4.978981] [LS][CM32181 error] I2C_TxData, i2c err, slaveAddr 0x48, value 0x0, ISR gpio136  = 1, record_init_fail 0
<6>[    5.164855] [LS][CM32181 error] I2C_TxData, i2c err, slaveAddr 0x48, value 0x0, ISR gpio136  = 1, record_init_fail 0
<3>[    5.194263] [PS_ERR][CM32181 error] I2C_TxData retry over 10
<3>[    5.200590] [PS_ERR][CM32181 error]_cm32181_I2C_Write_Word: I2C_TxData fail
<6>[    5.208988] [LS][CM32181 error] I2C_TxData, i2c err, slaveAddr 0x48, value 0x0, ISR gpio136  = 1, record_init_fail 0
<6>[    5.394855] [LS][CM32181 error] I2C_TxData, i2c err, slaveAddr 0x48, value 0x0, ISR gpio136  = 1, record_init_fail 0
<3>[    5.424258] [PS_ERR][CM32181 error] I2C_TxData retry over 10
<3>[    5.430584] [PS_ERR][CM32181 error]_cm32181_I2C_Write_Word: I2C_TxData fail
<6>[    5.438982] [LS][CM32181 error] I2C_TxData, i2c err, slaveAddr 0x48, value 0x0, ISR gpio136  = 1, record_init_fail 0
<6>[    5.624859] [LS][CM32181 error] I2C_TxData, i2c err, slaveAddr 0x48, value 0x0, ISR gpio136  = 1, record_init_fail 0
<3>[    5.654258] [PS_ERR][CM32181 error] I2C_TxData retry over 10
<3>[    5.660585] [PS_ERR][CM32181 error]_cm32181_I2C_Write_Word: I2C_TxData fail
<6>[    5.668975] [LS][CM32181 error] I2C_TxData, i2c err, slaveAddr 0x48, value 0x0, ISR gpio136  = 1, record_init_fail 0
<6>[    5.854855] [LS][CM32181 error] I2C_TxData, i2c err, slaveAddr 0x48, value 0x0, ISR gpio136  = 1, record_init_fail 0
<3>[    5.884263] [PS_ERR][CM32181 error] I2C_TxData retry over 10
<3>[    5.890589] [PS_ERR][CM32181 error]_cm32181_I2C_Write_Word: I2C_TxData fail
<6>[    5.898983] [LS][CM32181 error] I2C_TxData, i2c err, slaveAddr 0x48, value 0x0, ISR gpio136  = 1, record_init_fail 0
<6>[    6.084855] [LS][CM32181 error] I2C_TxData, i2c err, slaveAddr 0x48, value 0x0, ISR gpio136  = 1, record_init_fail 0
<3>[    6.114258] [PS_ERR][CM32181 error] I2C_TxData retry over 10
<3>[    6.120584] [PS_ERR][CM32181 error]_cm32181_I2C_Write_Word: I2C_TxData fail
<6>[    6.128982] [LS][CM32181 error] I2C_TxData, i2c err, slaveAddr 0x48, value 0x0, ISR gpio136  = 1, record_init_fail 0
<6>[    6.314859] [LS][CM32181 error] I2C_TxData, i2c err, slaveAddr 0x48, value 0x0, ISR gpio136  = 1, record_init_fail 0
<3>[    6.344257] [PS_ERR][CM32181 error] I2C_TxData retry over 10
<3>[    6.350584] [PS_ERR][CM32181 error]_cm32181_I2C_Write_Word: I2C_TxData fail
<6>[    6.358982] [LS][CM32181 error] I2C_TxData, i2c err, slaveAddr 0x48, value 0x0, ISR gpio136  = 1, record_init_fail 0
<6>[    6.544856] [LS][CM32181 error] I2C_TxData, i2c err, slaveAddr 0x48, value 0x0, ISR gpio136  = 1, record_init_fail 0
<3>[    6.574274] [PS_ERR][CM32181 error] I2C_TxData retry over 10
<3>[    6.580601] [PS_ERR][CM32181 error]_cm32181_I2C_Write_Word: I2C_TxData fail
<6>[    6.588999] [LS][CM32181 error] I2C_TxData, i2c err, slaveAddr 0x48, value 0x0, ISR gpio136  = 1, record_init_fail 0
<6>[    6.774856] [LS][CM32181 error] I2C_TxData, i2c err, slaveAddr 0x48, value 0x0, ISR gpio136  = 1, record_init_fail 0
<3>[    6.804257] [PS_ERR][CM32181 error] I2C_TxData retry over 10
<3>[    6.810584] [PS_ERR][CM32181 error]_cm32181_I2C_Write_Word: I2C_TxData fail
<6>[    6.818381] [LS][CM32181] initial_cm32181, initial fail_counter = 10
<3>[    6.825514] [LS_ERR][CM32181 error]cm32181_setup: fail to initial cm32181 (-12)
<3>[    6.833783] [PS_ERR][CM32181 error]cm32181_probe: cm32181_setup error!
<4>[    6.934418] cm32181: probe of 3-0048 failed with error -12
<4>[    6.940574] i2c-core: driver [cm32181] using legacy suspend method
<4>[    6.947496] i2c-core: driver [cm32181] using legacy resume method
<6>[    6.954617] rtc_cmos 00:00: rtc core: registered rtc_cmos as rtc0
<6>[    6.961468] rtc_cmos 00:00: alarms up to one month, y3k, 242 bytes nvram
<6>[    6.968998] i2c /dev entries driver
<6>[    6.973313] EM:OEM0  table found, size=132
<6>[    6.978115] coretemp: Enabled Aux0/Aux1 interrupts for coretemp
<6>[    6.984799] coretemp: Enabled Aux0/Aux1 interrupts for coretemp
<6>[    6.991483] coretemp: Enabled Aux0/Aux1 interrupts for coretemp
<6>[    6.998171] coretemp: Enabled Aux0/Aux1 interrupts for coretemp
<6>[    7.005588] device-mapper: uevent: version 1.0.3
<6>[    7.010903] device-mapper: ioctl: 4.24.0-ioctl (2013-01-15) initialised: dm-devel@redhat.com
<6>[    7.020774] cpuidle: using governor ladder
<6>[    7.025591] cpu 3: max_range = 20000, #buckets = 2000, width = 10
<6>[    7.032487] cpu 2: max_range = 20000, #buckets = 2000, width = 10
<6>[    7.039394] cpu 1: max_range = 20000, #buckets = 2000, width = 10
<6>[    7.046302] cpu 0: max_range = 20000, #buckets = 2000, width = 10
<6>[    7.053114] cpuidle: using governor menu
<6>[    7.057532] sdhci: Secure Digital Host Controller Interface driver
<6>[    7.064453] sdhci: Copyright(c) Pierre Ossman
<6>[    7.069609] mmc0: no vqmmc regulator found
<6>[    7.074335] mmc0: SDHCI controller on ACPI [80860F14:00] using ADMA
<6>[    7.081912] mmc1: no vqmmc regulator found
<6>[    7.086864] mmc1: SDHCI controller on ACPI [INT33BB:00] using ADMA
<6>[    7.102971] mmc2: SDHCI controller on ACPI [80860F14:01] using ADMA
<6>[    7.111449] EFI Variables Facility v0.08 2004-May-17
<6>[    7.138707] hidraw: raw HID events driver (C) Jiri Kosina
<6>[    7.163153] input: NOVATEK USB Keyboard as /devices/pci0000:00/0000:00:14.0/usb1/1-2/1-2.3/1-2.3.2/1-2.3.2:1.0/input/input4
<6>[    7.175768] hid-generic 0003:0461:0010.0002: input,hidraw0: USB HID v1.10 Keyboard [NOVATEK USB Keyboard] on usb-0000:00:14.0-2.3.2/input0
<6>[    7.201307] input: NOVATEK USB Keyboard as /devices/pci0000:00/0000:00:14.0/usb1/1-2/1-2.3/1-2.3.2/1-2.3.2:1.1/input/input5
<6>[    7.213945] hid-generic 0003:0461:0010.0003: input,hidraw1: USB HID v1.10 Device [NOVATEK USB Keyboard] on usb-0000:00:14.0-2.3.2/input1
<6>[    7.231968] input: USB Optical Mouse as /devices/pci0000:00/0000:00:14.0/usb1/1-2/1-2.3/1-2.3.4/1-2.3.4:1.0/input/input6
<6>[    7.244300] hid-generic 0003:0461:4D0F.0004: input,hidraw2: USB HID v1.11 Mouse [USB Optical Mouse] on usb-0000:00:14.0-2.3.4/input0
<6>[    7.257687] usbcore: registered new interface driver usbhid
<6>[    7.263919] usbhid: USB HID core driver
<1>[    7.268252] ilitek_init, register chrdev(242, 0)
<6>[    7.273769] ashmem: initialized
<6>[    7.277383] logger: created 256K log 'log_kernel'
<6>[    7.282896] logger: created 256K log 'log_main'
<6>[    7.288360] logger: created 256K log 'log_events'
<6>[    7.293710] logger: created 256K log 'log_radio'
<6>[    7.298986] logger: created 256K log 'log_system'
<6>[    7.305174] mmc0: BKOPS_EN bit is not set
<6>[    7.311819] dollar_cove_ti_pwrsrc dollar_cove_ti_pwrsrc: extcon registration success!!
<6>[    7.327578] dollar_cove_ti_pwrsrc dollar_cove_ti_pwrsrc: VBUS dettach
<6>[    7.347086] mmc0: new HS200 MMC card at address 0001
<6>[    7.353013] mmcblk0: mmc0:0001 SDW32G 29.1 GiB 
<6>[    7.358092] dollar_cove_ti_adc dollar_cove_ti_adc: dc_ti adc probed
<6>[    7.365546] emmc_ipanic: init success
<6>[    7.367305]  mmcblk0: p1 p2 p3 p4 p5 p6 p7 p8 p9 p10 p11 p12 p13 p14 p15
<6>[    7.377302] intel_mid_ilb_osnib_init: register ilb_osnib
<6>[    7.383257] Magic value of OSNIB (@=10): B      
<6>[    7.388456] Magic value of OSNIB (@=e): N   B  
<6>[    7.393525] OSNIB : Fixing known issue
<6>[    7.397742] OSNIB : Magic is OK
<6>[    7.401259] intel_mid_ilb_osnib_init: Found OSNIB at address 0x0e
<3>[    7.408161] OSNIB checksum: 0xd9
<3>[    7.411772] OSNIB checksum: 0xd9
<6>[    7.415404] intel_mid_ilb_osnib_init: boot_mode = 'End user'
<6>[    7.422161] intel_mid_ilb_osnib_init: wake_src  =  'battery inserted'
<6>[    7.429599] Intel OSIP Driver v1.00
<6>[    7.434047] Found a Designware HSU
<6>[    7.438255] 80860F0A:00: ttyMFD0 at MMIO 0x90f1d000 (irq = 39) is a hsu_bt_port_p
<6>[    7.446811] Found a Designware HSU
<6>[    7.450824] 80860F0A:01: ttyMFD1 at MMIO 0x90f1f000 (irq = 40) is a hsu_gps_port_p
<6>[    7.459459] iTCO_wdt: Intel TCO WatchDog Timer Driver v1.07
<6>[    7.465848] iTCO_wdt: Found a Baytrail TCO TCO device (Version=3, TCOBASE=0x0460)
<6>[    7.474456] iTCO_wdt: initialized. heartbeat=30 sec (nowayout=0)
<6>[    7.481422] pwm-byt-plat 80860F09:00: PWM device probed: pwm_num=0, mmio_base=ffffc90001e66000 clk_khz=25000
<6>[    7.492642] pwm-byt-plat 80860F09:01: PWM device probed: pwm_num=1, mmio_base=ffffc90001e6a000 clk_khz=25000
<6>[    7.504111] INFO: I2S DRIVER loading... ver: 1.3.0 cpu=0
<6>[    7.510136] INFO: I2S DRIVER DIV CTRL/ISRX active - CPU BYT.
<6>[    7.516774] SSP I2S ACPI driver : allocated drv_data=ffff8800743cdc28
<6>[    7.524377] SSP I2S driver : ACPI probe for **HID=SSPX0000** , drv_data=ffff8800743cdc28
<6>[    7.533535] SSP I2S driver : IFWI start IA =0x910a1000 end=0x910a1fff
<6>[    7.542461] INFO: I2S DRIVER init OK
<6>[    7.546613] usbcore: registered new interface driver snd-usb-audio
<6>[    7.553846] snd_intel_sst: INFO: ******** SST DRIVER loading.. Ver: 3.0.8
<6>[    7.563384] snd_intel_sst: Overriding bdata for byt-crv2
<6>[    7.570128] snd_intel_sst: sst_acpi_probe successfully done!
<6>[    7.576815] mid_ssp: ssp_soc_dai_init: SSP DAI: FCT ssp_soc_dai_init called
<6>[    7.584622] snd_intel_sst: runtime_idle called
<6>[    7.589590] snd_intel_sst: runtime_suspend called
<6>[    7.594995] mid_ssp: ssp_dai_probe: SSP DAI: FCT ssp_dai_probe enters
<6>[    7.602203] mid_ssp: ssp_dai_probe: ssp_info address ffff8800741d8748
<6>[    7.609828] mid_ssp: ssp_dai_probe: SSP DAI: FCT ssp_dai_probe leaves 0
<6>[    7.617623] Netfilter messages via NETLINK v0.30.
<6>[    7.622926] nf_conntrack version 0.5.0 (16384 buckets, 65536 max)
<6>[    7.630047] NF_TPROXY: Transparent proxy support initialized, version 4.1.0
<6>[    7.637867] NF_TPROXY: Copyright (c) 2006-2007 BalaBit IT Ltd.
<6>[    7.644705] ip_tables: (C) 2000-2006 Netfilter Core Team
<6>[    7.650763] TCP: cubic registered
<6>[    7.654499] Initializing XFRM netlink socket
<6>[    7.659641] NET: Registered protocol family 10
<6>[    7.665239] ip6_tables: (C) 2000-2006 Netfilter Core Team
<6>[    7.665430] mmc1: new high speed SDIO card at address 0001
<6>[    7.677555] sit: IPv6 over IPv4 tunneling driver
<6>[    7.683066] NET: Registered protocol family 17
<6>[    7.688083] NET: Registered protocol family 15
<5>[    7.693121] Key type dns_resolver registered
<6>[    7.700661] [drm] Memory usable by graphics device = 2048M
<7>[    7.706862] checking generic (80000000 7e9000) vs hw (80000000 10000000)
<6>[    7.714394] fb: conflicting fb hw usage inteldrmfb vs EFI VGA - removing generic driver
<7>[    7.723491] i915 0000:00:02.0: setting latency timer to 64
<7>[    7.802235] i915 0000:00:02.0: irq 105 for MSI/MSI-X
<6>[    7.807859] [drm] Supports vblank timestamp caching Rev 1 (10.10.2010).
<6>[    7.815287] [drm] Driver supports precise vblank timestamp query.
<3>[    7.822113] [drm:parse_lfp_panel_data] *ERROR* VBT scaling too ambitious !!
<3>[    7.829947] [drm:i915_stolen_to_physical] *ERROR* conflict detected with stolen region: [0x7d000000 - 0x7f000000]
<6>[    7.843040] vgaarb: device changed decodes: PCI:0000:00:02.0,olddecodes=io+mem,decodes=io+mem:owns=io+mem
<6>[    7.896794] [drm] SEAMLESS DRRS supported on this panel.
<3>[    7.995495] [drm:valleyview_enable_rps] *ERROR* GT fifo had a previous error 10
<6>[    8.014605] i915 0000:00:02.0: fb0: inteldrmfb frame buffer device
<6>[    8.026413] ACPI: Video Device [GFX0] (multi-head: yes  rom: no  post: no)
<6>[    8.034258] input: Video Bus as /devices/LNXSYSTM:00/device:00/PNP0A08:00/LNXVIDEO:00/input/input7
<6>[    8.044439] [drm] Initialized i915 1.6.0 20080730 for 0000:00:02.0 on minor 0
<6>[    8.052460] emmc_ipanic: panic partition found, label:panic, device:mmcblk0p8
<6>[    8.069243] emmc_ipanic: emmc_panic_notify_add: bad magic 0, no data available
<6>[    8.079618] lesskey_pnp_probe, num = 1
<6>[    8.084066] lesskey [ 0]: name = power_btn, gpio = -19
<6>[    8.089851] lesskey_pnp_probe, num = 1
<6>[    8.094257] lesskey [ 0]: name = rotationlock, gpio = -19
<6>[    8.100300] lesskey_pnp_probe, num = 2
<6>[    8.104713] lesskey [ 0]: name = volume_up, gpio = 1
<6>[    8.110465] lesskey [ 1]: name = volume_down, gpio = 0
<6>[    8.116345] info[ 0]: name = power_btn, gpio = -19
<6>[    8.121708] info[ 1]: name = prog_btn1, gpio = -19
<6>[    8.127090] info[ 2]: name = prog_btn2, gpio = -19
<6>[    8.132451] info[ 3]: name = lid_switch, gpio = -19
<6>[    8.137935] info[ 4]: name = vol_up, gpio = -19
<6>[    8.143004] info[ 5]: name = vol_down, gpio = -19
<6>[    8.148286] info[ 6]: name = camera_full, gpio = -19
<6>[    8.153841] info[ 7]: name = camera_half, gpio = -19
<6>[    8.159415] info[ 8]: name = MagSw1, gpio = -19
<6>[    8.164656] info[ 9]: name = MagSw2, gpio = -19
<6>[    8.169732] info[10]: name = cam_capture, gpio = -19
<6>[    8.175316] info[11]: name = cam_focus, gpio = -19
<6>[    8.180678] info[12]: name = fp_menu_key, gpio = -19
<6>[    8.186253] info[13]: name = fp_home_key, gpio = -19
<6>[    8.191807] info[14]: name = fp_search_key, gpio = -19
<6>[    8.197577] info[15]: name = fp_back_key, gpio = -19
<6>[    8.203132] info[16]: name = volume_up, gpio = -19
<6>[    8.208512] info[17]: name = volume_down, gpio = -19
<6>[    8.214067] info[18]: name = mute_enable, gpio = -19
<6>[    8.219736] info[19]: name = camera0_sb1, gpio = -19
<6>[    8.225326] info[20]: name = camera0_sb2, gpio = -19
<6>[    8.230950] VLV2: warn punit OS is Android
<6>[    8.235565] Informing PUnit we are running Android
<5>[    8.241558] Loading module verification certificates
<5>[    8.249895] MODSIGN: Loaded cert 'Magrathea: Glacier signing key: 2712c81d5a59107e0f37f17a12548a3159822d9c'
<6>[    8.260860] registered taskstats version 1
<4>[    8.269345] LDO_8: incomplete constraints, leaving on
<6>[    8.276219]   Magic number: 15:388:121
<6>[    8.280594] console [netcon0] enabled
<6>[    8.284711] netconsole: network logging started
<6>[    8.289924] file system registered
<6>[    8.295791] android_usb gadget: Mass Storage Function, version: 2009/09/11
<6>[    8.303496] android_usb gadget: Number of LUNs=1
<6>[    8.308696]  lun0: LUN: removable file: (no medium)
<6>[    8.314704] android_usb gadget: android_usb ready
<6>[    8.320775] dwc3_otg 0000:00:16.0: power state changed by ACPI to D0
<6>[    8.320921] input: gpio-lesskey as /devices/platform/gpio-lesskey.1.auto/input/input8
<3>[    8.321030] gpio-keys gpio-keys: No IRQ specified
<4>[    8.321042] gpio-keys: probe of gpio-keys failed with error -22
<6>[    8.348528] rtc_cmos 00:00: setting system clock to 2015-09-18 09:08:40 UTC (1442567320)
<6>[    8.360193] input: dollar_cove_ti_power_button as /devices/platform/80860F41:04/i2c-5/5-005e/dollar_cove_ti_power_button/input/input9
<6>[    8.369057] dwc3_otg 0000:00:16.0: power state changed by ACPI to D0
<6>[    8.387471] snd_byt_cr_rt5645: Baytrail Machine Driver byt_rt5645 registerd
<7>[    8.395299] snd_byt_cr_rt5645: Entry snd_byt_mc_probe
<7>[    8.401007] snd_byt_cr_rt5645: snd_byt_mc_probe: GPIOs - codec 134
<6>[    8.407828] Codec driver version 0.0.9 alsa 1.0.25
<4>[    8.467484] ------------[ cut here ]------------
<4>[    8.472665] WARNING: at /home/autobuild/slaveProjects/workspace/BCX11-daily/linux/kernel/sound/soc/soc-core.c:1123 soc_probe_codec+0x29d/0x350()
<4>[    8.487177] codec rt5645.2-001a can not start from non-off bias with idle_bias_off==1
<4>[    8.495948] Modules linked in:
<4>[    8.499367] CPU: 2 PID: 1 Comm: swapper/0 Not tainted 3.10.20-263304-g643929e #1
<4>[    8.507661] Hardware name: COMPAL BCX11/BCX11, BIOS BCX11 V0.10.x64 08/27/2015
<4>[    8.516182]  0000000000000009 ffff8800780cdbd8 ffffffff829a4dbb ffff8800780cdc10
<4>[    8.524494]  ffffffff82099fe1 ffff8800743cec00 0000000000000000 ffff8800743ced78
<4>[    8.532782]  ffffffff83196ba0 ffffffff8318a7e0 ffff8800780cdc70 ffffffff8209a0bd
<4>[    8.541375] Call Trace:
<4>[    8.544113]  [<ffffffff829a4dbb>] dump_stack+0x19/0x1b
<4>[    8.549870]  [<ffffffff82099fe1>] warn_slowpath_common+0x61/0x80
<4>[    8.556595]  [<ffffffff8209a0bd>] warn_slowpath_fmt+0x4d/0x50
<4>[    8.563021]  [<ffffffff827e9505>] ? rt5645_probe+0x1e5/0x270
<4>[    8.569355]  [<ffffffff827d683d>] soc_probe_codec+0x29d/0x350
<6>[    8.575457] dwc3_otg 0000:00:16.0: power state changed by ACPI to D3hot
<4>[    8.583176]  [<ffffffff827d816e>] snd_soc_instantiate_card+0x8de/0x1290
<4>[    8.590579]  [<ffffffff829af598>] ? _raw_spin_unlock_irqrestore+0x28/0x60
<4>[    8.598179]  [<ffffffff827d8de5>] snd_soc_register_card+0x2c5/0x3a0
<4>[    8.605196]  [<ffffffff827f178e>] snd_byt_mc_probe+0x27e/0x3a0
<4>[    8.611708]  [<ffffffff824c834d>] platform_drv_probe+0x3d/0x70
<4>[    8.618236]  [<ffffffff824c5c72>] ? driver_sysfs_add+0x82/0xb0
<4>[    8.624766]  [<ffffffff824c6267>] driver_probe_device+0x87/0x390
<4>[    8.631480]  [<ffffffff824c6603>] __driver_attach+0x93/0xa0
<4>[    8.637721]  [<ffffffff824c6570>] ? driver_probe_device+0x390/0x390
<4>[    8.644737]  [<ffffffff824c4375>] bus_for_each_dev+0x55/0x90
<4>[    8.651063]  [<ffffffff824c5bee>] driver_attach+0x1e/0x20
<4>[    8.657107]  [<ffffffff824c57c6>] bus_add_driver+0x106/0x270
<4>[    8.663434]  [<ffffffff832573ff>] ? sst_platform_driver_init+0x12/0x12
<4>[    8.670740]  [<ffffffff824c6c78>] driver_register+0x78/0x160
<4>[    8.677073]  [<ffffffff832573ff>] ? sst_platform_driver_init+0x12/0x12
<4>[    8.684379]  [<ffffffff824c7b66>] platform_driver_register+0x46/0x50
<4>[    8.691483]  [<ffffffff8325741d>] snd_byt_driver_init+0x1e/0x20
<4>[    8.698110]  [<ffffffff820002d2>] do_one_initcall+0xd2/0x180
<4>[    8.704446]  [<ffffffff83210f87>] kernel_init_freeable+0x13c/0x1cd
<4>[    8.711354]  [<ffffffff8321084e>] ? do_early_param+0x8a/0x8a
<4>[    8.717688]  [<ffffffff8298fb20>] ? rest_init+0x90/0x90
<4>[    8.723528]  [<ffffffff8298fb2e>] kernel_init+0xe/0xf0
<4>[    8.729280]  [<ffffffff829b6bdc>] ret_from_fork+0x7c/0xb0
<4>[    8.735324]  [<ffffffff8298fb20>] ? rest_init+0x90/0x90
<4>[    8.741536] ---[ end trace 55f54b6d1044fa62 ]---
<7>[    8.746867] snd_byt_cr_rt5645: Enter:byt_init
<7>[    8.751546] snd_byt_cr_rt5645: card(baytrailaudio)->bias_level 0
<7>[    8.758671] snd_byt_cr_rt5645: Enter:byt_hs_detection
<7>[    8.785659] rt5645_check_jd_status: ret = 0
<7>[    8.790588] snd_byt_cr_rt5645: Jack insert intr
<7>[    8.801196] jack_type=1
<7>[    8.804149] snd_byt_cr_rt5645: Exit:byt_hs_detection
<6>[    8.809719] byt_rt5645 AMCR0F28:00:  rt5645-aif1 <-> Headset-cpu-dai mapping ok
<6>[    8.818143] compress asoc: rt5645-aif1 <-> Compress-cpu-dai mapping ok
<6>[    8.829961] input: baytrailaudio Intel MID Audio Jack as /devices/platform/AMCR0F28:00/sound/card0/input10
<6>[    8.842247] snd_byt_cr_rt5645: snd_byt_mc_probe successful
<6>[    8.848532] ALSA device list:
<6>[    8.851846]   #0: baytrailaudio
<6>[    8.857688] Freeing unused kernel memory: 1316k freed
<6>[    8.863845] Write protecting the kernel read-only data: 16384k
<6>[    8.872400] Freeing unused kernel memory: 264k freed
<6>[    8.884928] Freeing unused kernel memory: 1308k freed
<6>[    8.890592] dollar_cove_ti_cc dollar_cove_ti_cc: TRIM Revision 1 PMIC Version 194, Do Not Apply TRIM
<11>[    8.901248] init: could not import file 'props.board.rc' from '/props.rc'
<11>[    8.909182] init: fail to open /proc/boardid!
<6>[    8.914067] dollar_cove_ti_cc dollar_cove_ti_cc: CC OFFSET = 0 GAIN = 9
<7>[    8.916742] SELinux: 512 avtab hash slots, 1348 rules.
<7>[    8.917154] SELinux: 512 avtab hash slots, 1348 rules.
<7>[    8.917164] SELinux:  1 users, 2 roles, 290 types, 1 bools, 1 sens, 1024 cats
<7>[    8.917166] SELinux:  84 classes, 1348 rules
<6>[    8.917687] SELinux:  Permission attach_queue in class tun_socket not defined in policy.
<6>[    8.917690] SELinux: the above unknown classes and permissions will be denied
<7>[    8.917697] SELinux:  Completing initialization.
<7>[    8.917698] SELinux:  Setting up existing superblocks.
<7>[    8.917707] SELinux: initialized (dev sysfs, type sysfs), uses genfs_contexts
<7>[    8.917715] SELinux: initialized (dev rootfs, type rootfs), uses genfs_contexts
<7>[    8.917794] SELinux: initialized (dev bdev, type bdev), not configured for labeling
<7>[    8.917800] SELinux: initialized (dev proc, type proc), uses genfs_contexts
<7>[    8.917811] SELinux: initialized (dev tmpfs, type tmpfs), uses transition SIDs
<7>[    8.917840] SELinux: initialized (dev debugfs, type debugfs), uses genfs_contexts
<7>[    8.924634] SELinux: initialized (dev sockfs, type sockfs), uses task SIDs
<7>[    8.924642] SELinux: initialized (dev pipefs, type pipefs), uses task SIDs
<7>[    8.924648] SELinux: initialized (dev anon_inodefs, type anon_inodefs), not configured for labeling
<7>[    8.924661] SELinux: initialized (dev devpts, type devpts), uses transition SIDs
<7>[    8.924674] SELinux: initialized (dev mqueue, type mqueue), uses transition SIDs
<7>[    8.924684] SELinux: initialized (dev selinuxfs, type selinuxfs), uses genfs_contexts
<7>[    8.924728] SELinux: initialized (dev configfs, type configfs), not configured for labeling
<7>[    8.924733] SELinux: initialized (dev tmpfs, type tmpfs), uses transition SIDs
<7>[    8.924752] SELinux: initialized (dev sysfs, type sysfs), uses genfs_contexts
<4>[    9.098699] dollar_cove_ti_cc dollar_cove_ti_cc: charger psy not found
<6>[    9.106011] dollar_cove_ti_cc dollar_cove_ti_cc: charger is not connected
<5>[    9.248242] type=1403 audit(1442567321.419:2): policy loaded auid=4294967295 ses=4294967295
<12>[    9.257947] SELinux: Loaded policy from /sepolicy
<5>[    9.268035] type=1404 audit(1442567321.439:3): enforcing=1 old_enforcing=0 auid=4294967295 ses=4294967295
<6>[    9.489374] intel_fuel_gauge intel_fuel_gauge: boot up voltage:4786601
<6>[    9.497148] intel_fuel_gauge intel_fuel_gauge: boot up ibat:0
<11>[   11.207926] init: /init.byt_t_crv2.rc: 352: ignored duplicate definition of service 'surfaceflinger'
<11>[   11.218278] init: /init.byt_t_crv2.rc: 461: chmod requires 2 arguments
<11>[   11.226143] init: could not import file '/init.intel.features.rc' from 'init.common.rc'
<11>[   11.235134] init: could not import file '/init.ksm.rc' from 'init.common.rc'
<11>[   11.243055] init: could not import file '/init.zram.rc' from 'init.common.rc'
<11>[   11.251720] init: read_file: ERROR RETURNING NULL
<11>[   11.257084] init: could not import file 'init.camera.rc' from '/init.byt_t_crv2.rc'
<4>[   11.266074] init (1): /proc/1/oom_adj is deprecated, please use /proc/1/oom_score_adj instead.
<11>[   11.307039] init: handle_inet_event:No Renaming for eth0 net interface
<11>[   11.347460] init: handle_inet_event:No Renaming for lo net interface
<11>[   11.355021] init: handle_inet_event:No Renaming for sit0 net interface
<4>[   11.476010] RTL871X: module init start
<4>[   11.480217] RTL871X: rtl8723bs v4.3.4_11396.20140506_BTCOEX20140424-4D40
<4>[   11.487730] RTL871X: build time: Sep  1 2015 07:01:18
<4>[   11.493377] RTL871X: rtl8723bs BT-Coex version = BTCOEX20140424-4D40
<4>[   11.889667] 
<4>[   11.891343] 29 81 03 7C 51 08 28 00 62 07 0D 45 10 00 00 00 
<4>[   11.897746] 2A 2A 29 29 29 29 30 30 30 2F 2F E0 FF FF FF FF 
<4>[   11.904142] FF FF FF FF FF FF FF FF FF FF FF FF FF FF FF FF 
<4>[   11.910584] FF FF FF FF FF FF FF FF FF FF 2D 2D 2D 2D 2D 2D 
<4>[   11.916999] 2D 2D 2D 2D 2D E0 FF FF FF FF FF FF FF FF FF FF 
<4>[   11.923418] FF FF FF FF FF FF FF FF FF FF FF FF FF FF FF FF 
<4>[   11.929909] FF FF FF FF FF FF FF FF FF FF FF FF FF FF FF FF 
<4>[   11.936389] FF FF FF FF FF FF FF FF FF FF FF FF FF FF FF FF 
<4>[   11.942825] FF FF FF FF FF FF FF FF FF FF FF FF FF FF FF FF 
<4>[   11.949255] FF FF FF FF FF FF FF FF FF FF FF FF FF FF FF FF 
<4>[   11.955705] FF FF FF FF FF FF FF FF FF FF FF FF FF FF FF FF 
<4>[   11.962080] FF FF FF FF FF FF FF FF 20 2D 1E 00 00 00 FF FF 
<4>[   11.968624] FF 29 20 11 00 00 00 FF 00 FF 12 FF FF FF FF FF 
<4>[   11.975107] 3E 10 01 02 23 00 00 FF 20 04 4C 02 23 B7 21 02 
<4>[   11.981485] 0C 00 22 04 00 08 00 32 FF 21 02 0C 00 22 2A 01 
<4>[   11.987947] 01 00 00 00 00 00 00 00 00 00 00 00 02 00 FF FF 
<4>[   11.994369] 00 00 00 00 00 00 00 00 00 00 00 00 00 00 00 00 
<4>[   12.000746] 00 EB 00 6E 01 00 00 00 00 FF 28 C2 DD B2 9A A1 
<4>[   12.007169] FF FF FF FF FF FF FF FF FF FF FF FF FF FF FF FF 
<4>[   12.013573] FF FF FF FF FF FF FF FF FF FF FF FF FF FF FF FF 
<4>[   12.019968] FF FF FF FF FF FF FF FF FF FF FF FF FF FF FF FF 
<4>[   12.026380] FF FF FF FF FF FF FF FF FF FF FF FF FF FF FF FF 
<4>[   12.032771] FF FF FF FF FF FF FF FF FF FF FF FF FF FF FF FF 
<4>[   12.039177] FF FF FF FF FF FF FF FF FF FF FF FF FF FF FF FF 
<4>[   12.045601] FF FF FF FF FF FF FF FF FF FF FF FF FF FF FF FF 
<4>[   12.051982] FF FF FF FF FF FF FF FF FF FF FF FF FF FF FF FF 
<4>[   12.058385] FF FF FF FF FF FF FF FF FF FF FF FF FF FF FF FF 
<4>[   12.064795] FF FF FF FF FF FF FF FF FF FF FF FF FF FF FF FF 
<4>[   12.071206] FF FF FF FF FF FF FF FF FF FF FF FF FF FF FF FF 
<4>[   12.077629] FF FF FF FF FF FF FF FF FF FF FF FF FF FF FF FF 
<4>[   12.083997] FF FF FF FF FF FF FF FF FF FF FF FF FF FF FF FF 
<4>[   12.090500] FF FF FF FF FF FF FF FF FF FF FF FF FF FF FF FF 
<4>[   12.102695] RTL871X: rtw_ndev_init(wlan0)
<4>[   12.109263] RTL871X: rtw_ndev_init(p2p0)
<4>[   12.115100] RTL871X: module init ret=0
<11>[   12.120699] init: handle_inet_event:No Renaming for wlan0 net interface
<11>[   12.128819] init: handle_inet_event:No Renaming for p2p0 net interface
<11>[   12.136662] init: handle_inet_event:No Renaming for p2p0 net interface
<11>[   12.144708] init: handle_inet_event:No Renaming for wlan0 net interface
<6>[   12.203098] had: ******** HAD DRIVER loading.. Ver: 0.01.003
<6>[   12.210332] [drm] mid_hdmi_audio_register: Scheduling HDMI audio work queue
<3>[   12.225169] bcm_bt_lpm OBDA8723:00: Error evaluating UART port number
<3>[   12.232517] [drm:i915_had_wq] *ERROR* Checking for HDMI connection at boot
<3>[   12.240215] [drm:i915_had_wq] *ERROR* hdmi_do_audio_wq: HDMI plugged in
<11>[   12.263140] init: /dev/hw_random not found
<11>[   12.267842] init: could not open /dev/keychord
<11>[   12.273051] init: cannot open '/initlogo.rle'
<7>[   12.278450] SELinux: initialized (dev cgroup, type cgroup), uses genfs_contexts
<7>[   12.286897] SELinux: initialized (dev tmpfs, type tmpfs), uses transition SIDs
<7>[   12.296303] SELinux: initialized (dev tmpfs, type tmpfs), uses transition SIDs
<7>[   12.304750] SELinux: initialized (dev tmpfs, type tmpfs), uses transition SIDs
<7>[   12.312966] SELinux: initialized (dev tmpfs, type tmpfs), uses transition SIDs
<7>[   12.322082] SELinux: initialized (dev cgroup, type cgroup), uses genfs_contexts
<6>[   12.353827] [TTM] Zone  kernel: Available graphics memory: 968284 kiB
<6>[   12.361063] [TTM] Initializing pool allocator
<6>[   12.365983] [TTM] Initializing DMA pool allocator
<6>[   12.371259] [drm] vxd_driver_load 3, i915_dev_priv->regs is 0x2800000.
<6>[   12.378575] [drm] 0 MSVDX_CORE_REV_OFFSET value is 0xffffffff.
<6>[   12.385150] [drm] 1 MSVDX_CORE_REV_OFFSET value is 0xffffffff.
<6>[   12.429263] EXT4-fs (mmcblk0p9): mounted filesystem with ordered data mode. Opts: barrier=1,data=ordered
<7>[   12.439915] SELinux: initialized (dev mmcblk0p9, type ext4), uses xattr
<6>[   12.457381] EXT4-fs (mmcblk0p14): mounted filesystem with ordered data mode. Opts: (null)
<7>[   12.466587] SELinux: initialized (dev mmcblk0p14, type ext4), uses xattr
<4>[   12.477559] EXT4-fs (mmcblk0p12): Ignoring removed nomblk_io_submit option
<4>[   12.501591] ueventd (143) used greatest stack depth: 5344 bytes left
<6>[   12.509086] EXT4-fs (mmcblk0p12): mounted filesystem with ordered data mode. Opts: nomblk_io_submit,errors=remount-ro
<7>[   12.521010] SELinux: initialized (dev mmcblk0p12, type ext4), uses xattr
<14>[   12.532421] fs_mgr: Running /system/bin/e2fsck on /dev/block/platform/intel/by-label/cache
<4>[   12.610083] e2fsck (155) used greatest stack depth: 5096 bytes left
<14>[   12.617263] e2fsck: e2fsck 1.41.14 (22-Dec-2010)
<14>[   12.622467] e2fsck: /dev/block/platform/intel/by-label/cache: clean, 12/57344 files, 7414/229376 blocks
<6>[   12.645402] EXT4-fs (mmcblk0p12): mounted filesystem with ordered data mode. Opts: barrier=1,data=ordered
<7>[   12.656141] SELinux: initialized (dev mmcblk0p12, type ext4), uses xattr
<6>[   12.675402] EXT4-fs (mmcblk0p11): mounted filesystem with ordered data mode. Opts: barrier=1,data=ordered
<7>[   12.686180] SELinux: initialized (dev mmcblk0p11, type ext4), uses xattr
<4>[   12.698817] EXT4-fs (mmcblk0p15): Ignoring removed nomblk_io_submit option
<6>[   12.722231] EXT4-fs (mmcblk0p15): mounted filesystem with ordered data mode. Opts: nomblk_io_submit,errors=remount-ro
<7>[   12.734148] SELinux: initialized (dev mmcblk0p15, type ext4), uses xattr
<14>[   12.745978] fs_mgr: Running /system/bin/e2fsck on /dev/block/platform/intel/by-label/data
<14>[   12.780406] e2fsck: e2fsck 1.41.14 (22-Dec-2010)
<14>[   12.785638] e2fsck: /dev/block/platform/intel/by-label/data: clean, 488/1662976 files, 161744/6640631 blocks
<6>[   12.803329] EXT4-fs (mmcblk0p15): mounted filesystem with ordered data mode. Opts: discard,barrier=1,data=ordered,noauto_da_alloc
<7>[   12.816413] SELinux: initialized (dev mmcblk0p15, type ext4), uses xattr
<6>[   12.829618] EXT4-fs (mmcblk0p13): mounted filesystem with ordered data mode. Opts: barrier=1,data=ordered
<7>[   12.840666] SELinux: initialized (dev mmcblk0p13, type ext4), uses xattr
<7>[   12.851867] SELinux: initialized (dev functionfs, type functionfs), not configured for labeling
<3>[   12.880153] lps331ap 3-005d: Sensor get ID error
<3>[   12.885361] lps331ap 3-005d: sensor_init
<4>[   12.889759] lps331ap: probe of 3-005d failed with error -121
<3>[   12.897411] BSBG0160:00 3-0068: Sensor get ID error
<3>[   12.902872] BSBG0160:00 3-0068: sensor_init
<4>[   12.907660] BSBG0160:00: probe of 3-0068 failed with error -121
<3>[   12.916008] BSBM0150:00 3-0013: Sensor get ID error
<3>[   12.921468] BSBM0150:00 3-0013: sensor_init
<4>[   12.926183] BSBM0150:00: probe of 3-0013 failed with error -121
<4>[   12.932947] BSBA0150:00 3-0011: Fail to get gpio pin by ACPI
<3>[   12.941165] BSBA0150:00 3-0011: Sensor get ID error
<3>[   12.946644] BSBA0150:00 3-0011: sensor_init
<4>[   12.951327] BSBA0150:00: probe of 3-0011 failed with error -121
<3>[   12.959400] l3g4200d_g 3-006b: Sensor get ID error
<3>[   12.965053] l3g4200d_g 3-006b: sensor_init
<4>[   12.969640] l3g4200d_g: probe of 3-006b failed with error -121
<3>[   12.977631] lsm303cmp 3-001e: [431]sensor_exec_actions
<3>[   12.983380] lsm303cmp 3-001e: sensor_init
<4>[   12.987888] lsm303cmp: probe of 3-001e failed with error -121
<4>[   12.994701] accel_g 3-0019: Fail to get gpio pin by ACPI
<3>[   13.001620] accel_g 3-0019: [431]sensor_exec_actions
<3>[   13.007195] accel_g 3-0019: sensor_init
<4>[   13.011489] accel_g: probe of 3-0019 failed with error -121
<4>[   13.018082] CALS3218:00 3-0010: Fail to get gpio pin by ACPI
<3>[   13.025482] CALS3218:00 3-0010: [431]sensor_exec_actions
<3>[   13.031424] CALS3218:00 3-0010: sensor_init
<4>[   13.036123] CALS3218:00: probe of 3-0010 failed with error -121
<3>[   13.087499] atomisp_get_platform_data: no camera device in the SFI table
<4>[   13.095040] atomisp-css2400b0_v21 0000:00:03.0: no platform data available
<7>[   13.235830] atomisp-css2400b0_v21 0000:00:03.0: setting latency timer to 64
<7>[   13.243651] atomisp-css2400b0_v21 0000:00:03.0: irq 106 for MSI/MSI-X
<3>[   13.252073] atomisp_get_platform_data: no camera device in the SFI table
<3>[   13.259623] atomisp-css2400b0_v21 0000:00:03.0: no platform data available
<6>[   13.268760] atomisp-css2400b0_v21 0000:00:03.0: Programming DFS frequency to 200
<6>[   13.310773] atomisp-css2400b0_v21 0000:00:03.0: hmm_reserved_pool init successfully,hmm_reserved_pool is with 18432 pages.
<11>[   13.371604] init: /dev/hw_random not found
<11>[   13.384819] init: cannot find '/system/vendor/bin/pvrsrvctl', disabling 'pvrsrvctl'
<11>[   13.385152] healthd: No charger supplies found
<6>[   13.385179] binder: 172:172 transaction failed 29189, size 0-0
<11>[   13.405016] init: cannot find '/system/bin/ct_monitor', disabling 'ct_monitor'
<6>[   13.415221] iTCO_wdt: iTCO_wdt_keepalive
<11>[   13.415745] init: cannot find '/system/etc/install-recovery.sh', disabling 'flash_recovery'
<11>[   13.417725] init: cannot find '/system/bin/gpu_daemon', disabling 'gpu_daemon'
<6>[   13.437100] iTCO_wdt: iTCO_wdt_keepalive
<6>[   13.457496] dwc3_otg 0000:00:16.0: power state changed by ACPI to D0
<7>[   13.458357] SELinux: initialized (dev pstore, type pstore), not configured for labeling
<7>[   13.488302] SELinux: initialized (dev binfmt_misc, type binfmt_misc), not configured for labeling
<6>[   13.496552] dwc3_otg 0000:00:16.0: power state changed by ACPI to D0
<11>[   13.535512] init: property 'sys.powerctl' doesn't exist while expanding '${sys.powerctl}'
<11>[   13.544768] init: powerctl: cannot expand '${sys.powerctl}'
<11>[   13.551045] init: property 'sys.sysctl.extra_free_kbytes' doesn't exist while expanding '${sys.sysctl.extra_free_kbytes}'
<11>[   13.563379] init: cannot expand '${sys.sysctl.extra_free_kbytes}' while writing to '/proc/sys/vm/extra_free_kbytes'
<11>[   13.577694] init: property 'sys.inotify.max_user_watches' doesn't exist while expanding '${sys.inotify.max_user_watches}'
<11>[   13.590037] init: cannot expand '${sys.inotify.max_user_watches}' while writing to '/proc/sys/fs/inotify/max_user_watches'
<11>[   13.602915] init: cannot find '/system/bin/pytimechart-record', disabling 'profile1_init'
<6>[   13.616423] read descriptors
<6>[   13.620001] read strings
<6>[   13.622994] mtp_bind_config
<6>[   13.648395] atomisp-css2400b0_v21 0000:00:03.0: Programming DFS frequency to 200
<7>[   13.658267] SELinux: initialized (dev fuse, type fuse), uses genfs_contexts
<7>[   13.664851] SELinux: initialized (dev tmpfs, type tmpfs), uses transition SIDs
<6>[   13.665008] atomisp-css2400b0_v21 0000:00:03.0: Programming DFS frequency to 200
<6>[   13.675807] smsc95xx 1-2.1:1.0 eth0: hardware isn't capable of remote wakeup
<6>[   13.675897] IPv6: ADDRCONF(NETDEV_UP): eth0: link is not ready
<6>[   13.702567] warning: `dhcpcd' uses 32-bit capabilities (legacy support in use)
<6>[   13.702825] warning: `dhcpcd' uses 32-bit capabilities (legacy support in use)
<6>[   13.797630] atomisp-css2400b0_v21 0000:00:03.0: Programming DFS frequency to 200
<6>[   13.806306] atomisp-css2400b0_v21 0000:00:03.0: Programming DFS frequency to 200
<6>[   13.826702] atomisp-css2400b0_v21 0000:00:03.0: Programming DFS frequency to 200
<6>[   13.835407] atomisp-css2400b0_v21 0000:00:03.0: Programming DFS frequency to 200
<4>[   13.911671] sh (240) used greatest stack depth: 5080 bytes left
<6>[   14.107093] atomisp-css2400b0_v21 0000:00:03.0: Programming DFS frequency to 200
<6>[   14.117937] atomisp-css2400b0_v21 0000:00:03.0: Programming DFS frequency to 200
<6>[   14.224619] snd_intel_sst: runtime_resume called
<3>[   14.324216] snd_intel_sst: GOT table entry invalid
<6>[   14.335133] snd_intel_sst: FW Version 02.08.0a.09
<6>[   14.335466] android_work: sent uevent USB_STATE=CONNECTED
<6>[   14.346545] snd_intel_sst: Build date Aug 11 2014 Time 10:58:10
<6>[   14.346562] android_work: sent uevent USB_STATE=DISCONNECTED
<6>[   14.359711] snd_intel_sst: runtime_idle called
<6>[   14.365099] snd_intel_sst: runtime_idle called
<6>[   14.365466] [drm] DRRS: crtc not initialized
<6>[   14.365479] [drm] DRRS: crtc not initialized
<6>[   14.369585] [drm] DRRS: crtc not initialized
<6>[   14.384701] snd_intel_sst: runtime_idle called
<6>[   14.389925] snd_intel_sst: runtime_idle called
<6>[   14.427296] android_work: sent uevent USB_STATE=CONNECTED
<6>[   14.434961] android_usb gadget: high-speed config #1: android
<6>[   14.441732] android_work: sent uevent USB_STATE=CONFIGURED
<6>[   14.452552] snd_intel_sst: runtime_idle called
<6>[   14.458054] snd_intel_sst: runtime_idle called
<6>[   14.463189] snd_intel_sst: runtime_idle called
<6>[   14.468702] snd_intel_sst: runtime_idle called
<6>[   14.473963] snd_intel_sst: runtime_idle called
<6>[   14.479106] snd_intel_sst: runtime_idle called
<6>[   14.484217] snd_intel_sst: runtime_idle called
<6>[   14.489569] snd_intel_sst: runtime_idle called
<6>[   14.494977] snd_intel_sst: runtime_idle called
<6>[   14.500137] snd_intel_sst: runtime_idle called
<6>[   14.506274] snd_intel_sst: runtime_idle called
<6>[   14.512536] snd_intel_sst: runtime_idle called
<6>[   14.518001] snd_intel_sst: runtime_idle called
<6>[   14.523668] snd_intel_sst: runtime_idle called
<6>[   14.529416] snd_intel_sst: runtime_idle called
<6>[   14.534728] snd_intel_sst: runtime_idle called
<6>[   14.540055] snd_intel_sst: runtime_idle called
<6>[   14.545309] snd_intel_sst: runtime_idle called
<6>[   14.550670] snd_intel_sst: runtime_idle called
<6>[   14.556091] snd_intel_sst: runtime_idle called
<6>[   14.561341] snd_intel_sst: runtime_idle called
<6>[   14.566507] snd_intel_sst: runtime_idle called
<6>[   14.571703] snd_intel_sst: runtime_idle called
<6>[   14.576881] snd_intel_sst: runtime_idle called
<6>[   14.582335] snd_intel_sst: runtime_idle called
<6>[   14.587828] snd_intel_sst: runtime_idle called
<6>[   14.593306] snd_intel_sst: runtime_idle called
<6>[   14.598851] snd_intel_sst: runtime_idle called
<6>[   14.604424] snd_intel_sst: runtime_idle called
<6>[   14.609874] snd_intel_sst: runtime_idle called
<6>[   14.615353] snd_intel_sst: runtime_idle called
<6>[   14.620974] snd_intel_sst: runtime_idle called
<5>[   14.622034] type=1400 audit(1442567326.789:4): avc:  denied  { getattr } for  pid=447 comm="df" name="/" dev="functionfs" ino=12374 scontext=u:r:init_shell:s0 tcontext=u:object_r:unlabeled:s0 tclass=filesystem
<6>[   14.647376] snd_intel_sst: runtime_idle called
<6>[   14.652803] snd_intel_sst: runtime_idle called
<6>[   14.658312] snd_intel_sst: runtime_idle called
<6>[   14.663779] snd_intel_sst: runtime_idle called
<6>[   14.668930] snd_intel_sst: runtime_idle called
<6>[   14.674049] snd_intel_sst: runtime_idle called
<6>[   14.679360] snd_intel_sst: runtime_idle called
<6>[   14.684636] snd_intel_sst: runtime_idle called
<6>[   14.689752] snd_intel_sst: runtime_idle called
<6>[   14.694892] snd_intel_sst: runtime_idle called
<6>[   14.700009] snd_intel_sst: runtime_idle called
<6>[   14.705008] dollar_cove_ti_cc dollar_cove_ti_cc: delta_q raw:-135
<6>[   14.712022] snd_intel_sst: runtime_idle called
<6>[   14.717217] snd_intel_sst: runtime_idle called
<6>[   14.722379] snd_intel_sst: runtime_idle called
<6>[   14.728085] snd_intel_sst: runtime_idle called
<6>[   14.733124] dollar_cove_ti_cc dollar_cove_ti_cc: delta_smpl:12
<6>[   14.739753] snd_intel_sst: runtime_idle called
<6>[   14.739826] dollar_cove_ti_cc dollar_cove_ti_cc: delta_q correction:-49410
<6>[   14.752737] snd_intel_sst: runtime_idle called
<6>[   14.757964] snd_intel_sst: runtime_idle called
<6>[   14.763272] snd_intel_sst: runtime_idle called
<6>[   14.768709] snd_intel_sst: runtime_idle called
<6>[   14.777772] snd_intel_sst: runtime_idle called
<6>[   14.783516] snd_intel_sst: runtime_idle called
<3>[   14.808170] [drm:intel_dp_complete_link_train] *ERROR* failed to train DP, aborting
<14>[   14.990930] healthd: battery l=100 v=4786 t=-10.0 h=5 st=3 c=-16 chg=
<7>[   15.011965] SELinux: initialized (dev tmpfs, type tmpfs), uses transition SIDs
<3>[   15.119945] [drm:intel_dp_complete_link_train] *ERROR* failed to train DP, aborting
<3>[   16.079576] [drm:intel_dp_complete_link_train] *ERROR* failed to train DP, aborting
<6>[   16.784280] snd_intel_sst: runtime_suspend called
<6>[   23.441983] iTCO_wdt: iTCO_wdt_keepalive
<14>[   26.278250] healthd: battery l=100 v=4786 t=-10.0 h=5 st=3 c=-16 chg=
<6>[   26.306102] request_suspend_state: wakeup (0->0) at 25771863852 (2015-09-18 09:08:58.485013755 UTC)
<6>[   26.369591] lowmemorykiller: lowmem_shrink: convert oom_adj to oom_score_adj:
<6>[   26.377728] lowmemorykiller: oom_adj 0 => oom_score_adj 0
<6>[   26.383767] lowmemorykiller: oom_adj 1 => oom_score_adj 58
<6>[   26.389938] lowmemorykiller: oom_adj 2 => oom_score_adj 117
<6>[   26.396214] lowmemorykiller: oom_adj 3 => oom_score_adj 176
<6>[   26.402447] lowmemorykiller: oom_adj 9 => oom_score_adj 529
<6>[   26.408719] lowmemorykiller: oom_adj 15 => oom_score_adj 1000
<6>[   27.101378] acc_open
<6>[   27.103906] acc_release
<6>[   28.429712] mtp_open
<11>[   29.068700] init: sys_prop: permission denied uid:10045  name:social.gallery2.max_person
<6>[   33.446975] iTCO_wdt: iTCO_wdt_keepalive
<6>[   34.563585] snd_intel_sst: runtime_resume called
<6>[   34.594016] snd_intel_sst: FW Version 02.08.0a.09
<6>[   34.599366] snd_intel_sst: Build date Aug 11 2014 Time 10:58:10
<7>[   34.608604] snd_byt_cr_rt5645: Enter:byt_compr_set_params
<7>[   34.614913] Only get approximation about PLL
<7>[   34.620882] rt5645 2-001a: bypass=0 m=13 n=57 k=2
<6>[   34.638860] snd_intel_sst: runtime_idle called
<6>[   36.634683] snd_intel_sst: runtime_suspend called
<6>[   43.451923] iTCO_wdt: iTCO_wdt_keepalive
<6>[   44.888572] request_suspend_state: sleep (0->3) at 44354327955 (2015-09-18 09:09:17.067476994 UTC)
<4>[   44.898803] ==fts_ts_suspend=
<6>[   45.011684] dollar_cove_ti_cc dollar_cove_ti_cc: delta_q raw:-1239
<6>[   45.029514] dollar_cove_ti_cc dollar_cove_ti_cc: delta_smpl:112
<6>[   45.036165] dollar_cove_ti_cc dollar_cove_ti_cc: delta_q correction:-453474
<14>[   45.247837] healthd: battery l=100 v=4786 t=70.0 h=5 st=3 c=-16 chg=
<6>[   45.542646] [drm] DRRS: crtc not initialized
<6>[   45.547614] [drm] DRRS: crtc not initialized
<3>[   45.555557] pci 0000:00:00.0: Power gate HDMI failed
<6>[   45.714665] [drm] Encoder has been disabled. CRTC not Active
<7>[   46.090223] i915 0000:00:02.0: setting latency timer to 64
<6>[   53.456939] iTCO_wdt: iTCO_wdt_keepalive
<6>[   63.461910] iTCO_wdt: iTCO_wdt_keepalive
<6>[   73.466942] iTCO_wdt: iTCO_wdt_keepalive
<6>[   75.333361] dollar_cove_ti_cc dollar_cove_ti_cc: delta_q raw:-1223
<6>[   75.347662] dollar_cove_ti_cc dollar_cove_ti_cc: delta_smpl:112
<6>[   75.355707] dollar_cove_ti_cc dollar_cove_ti_cc: delta_q correction:-447618
<14>[   75.567682] healthd: battery l=100 v=4786 t=-10.0 h=5 st=3 c=-15 chg=
<6>[   83.471905] iTCO_wdt: iTCO_wdt_keepalive
<6>[   93.476939] iTCO_wdt: iTCO_wdt_keepalive
<6>[  103.481927] iTCO_wdt: iTCO_wdt_keepalive
<6>[  105.652984] dollar_cove_ti_cc dollar_cove_ti_cc: delta_q raw:-1223
<6>[  105.666896] dollar_cove_ti_cc dollar_cove_ti_cc: delta_smpl:112
<6>[  105.673548] dollar_cove_ti_cc dollar_cove_ti_cc: delta_q correction:-447618
<14>[  105.887157] healthd: battery l=100 v=4786 t=-10.0 h=5 st=3 c=-15 chg=
<6>[  113.487026] iTCO_wdt: iTCO_wdt_keepalive
<6>[  123.492000] iTCO_wdt: iTCO_wdt_keepalive
<6>[  133.497032] iTCO_wdt: iTCO_wdt_keepalive
<6>[  135.973553] dollar_cove_ti_cc dollar_cove_ti_cc: delta_q raw:-1225
<6>[  135.987467] dollar_cove_ti_cc dollar_cove_ti_cc: delta_smpl:112
<6>[  135.994118] dollar_cove_ti_cc dollar_cove_ti_cc: delta_q correction:-448350
<14>[  136.205966] healthd: battery l=100 v=4786 t=-10.0 h=5 st=3 c=-16 chg=
<6>[  143.501999] iTCO_wdt: iTCO_wdt_keepalive
<6>[  153.507021] iTCO_wdt: iTCO_wdt_keepalive
<6>[  163.512013] iTCO_wdt: iTCO_wdt_keepalive
<6>[  166.293014] dollar_cove_ti_cc dollar_cove_ti_cc: delta_q raw:-1219
<6>[  166.306950] dollar_cove_ti_cc dollar_cove_ti_cc: delta_smpl:112
<6>[  166.313601] dollar_cove_ti_cc dollar_cove_ti_cc: delta_q correction:-446154
<14>[  166.525619] healthd: battery l=100 v=4786 t=-10.0 h=5 st=3 c=-15 chg=
<6>[  173.517053] iTCO_wdt: iTCO_wdt_keepalive
<6>[  183.522028] iTCO_wdt: iTCO_wdt_keepalive
<6>[  193.527040] iTCO_wdt: iTCO_wdt_keepalive
<6>[  196.532597] dollar_cove_ti_cc dollar_cove_ti_cc: delta_q raw:-1220
<6>[  196.546519] dollar_cove_ti_cc dollar_cove_ti_cc: delta_smpl:112
<6>[  196.553169] dollar_cove_ti_cc dollar_cove_ti_cc: delta_q correction:-446520
<14>[  196.765137] healthd: battery l=100 v=4786 t=-10.0 h=5 st=3 c=-15 chg=
<6>[  203.532005] iTCO_wdt: iTCO_wdt_keepalive
<6>[  213.536999] iTCO_wdt: iTCO_wdt_keepalive
<6>[  223.541989] iTCO_wdt: iTCO_wdt_keepalive
<6>[  226.773016] dollar_cove_ti_cc dollar_cove_ti_cc: delta_q raw:-1222
<6>[  226.787658] dollar_cove_ti_cc dollar_cove_ti_cc: delta_smpl:112
<6>[  226.794347] dollar_cove_ti_cc dollar_cove_ti_cc: delta_q correction:-447252
<14>[  227.007904] healthd: battery l=100 v=4787 t=-10.0 h=5 st=3 c=-15 chg=
<6>[  233.547105] iTCO_wdt: iTCO_wdt_keepalive
<6>[  243.552056] iTCO_wdt: iTCO_wdt_keepalive
<6>[  253.557073] iTCO_wdt: iTCO_wdt_keepalive
<6>[  257.092534] dollar_cove_ti_cc dollar_cove_ti_cc: delta_q raw:-1219
<6>[  257.107151] dollar_cove_ti_cc dollar_cove_ti_cc: delta_smpl:112
<6>[  257.113801] dollar_cove_ti_cc dollar_cove_ti_cc: delta_q correction:-446154
<14>[  257.325238] healthd: battery l=100 v=4786 t=-10.0 h=5 st=3 c=-15 chg=
<6>[  263.562045] iTCO_wdt: iTCO_wdt_keepalive
<6>[  273.567057] iTCO_wdt: iTCO_wdt_keepalive
<6>[  283.572096] iTCO_wdt: iTCO_wdt_keepalive
<6>[  287.413515] dollar_cove_ti_cc dollar_cove_ti_cc: delta_q raw:-1221
<6>[  287.427464] dollar_cove_ti_cc dollar_cove_ti_cc: delta_smpl:112
<6>[  287.434113] dollar_cove_ti_cc dollar_cove_ti_cc: delta_q correction:-446886
<14>[  287.646811] healthd: battery l=100 v=4786 t=-10.0 h=5 st=3 c=-15 chg=
<6>[  293.577303] iTCO_wdt: iTCO_wdt_keepalive
<6>[  303.582251] iTCO_wdt: iTCO_wdt_keepalive
<6>[  313.587263] iTCO_wdt: iTCO_wdt_keepalive
<6>[  317.732953] dollar_cove_ti_cc dollar_cove_ti_cc: delta_q raw:-1219
<6>[  317.746858] dollar_cove_ti_cc dollar_cove_ti_cc: delta_smpl:112
<6>[  317.753509] dollar_cove_ti_cc dollar_cove_ti_cc: delta_q correction:-446154
<14>[  317.965138] healthd: battery l=100 v=4786 t=-10.0 h=5 st=3 c=-15 chg=
<6>[  323.592207] iTCO_wdt: iTCO_wdt_keepalive
<6>[  333.597210] iTCO_wdt: iTCO_wdt_keepalive
<6>[  343.602245] iTCO_wdt: iTCO_wdt_keepalive
<6>[  348.053504] dollar_cove_ti_cc dollar_cove_ti_cc: delta_q raw:-1221
<6>[  348.067444] dollar_cove_ti_cc dollar_cove_ti_cc: delta_smpl:112
<6>[  348.074096] dollar_cove_ti_cc dollar_cove_ti_cc: delta_q correction:-446886
<14>[  348.286967] healthd: battery l=100 v=4786 t=-10.0 h=5 st=3 c=-15 chg=
<6>[  353.607321] iTCO_wdt: iTCO_wdt_keepalive
<6>[  363.612317] iTCO_wdt: iTCO_wdt_keepalive
<6>[  373.617406] iTCO_wdt: iTCO_wdt_keepalive
<6>[  378.373244] dollar_cove_ti_cc dollar_cove_ti_cc: delta_q raw:-1219
<6>[  378.387048] dollar_cove_ti_cc dollar_cove_ti_cc: delta_smpl:112
<6>[  378.393699] dollar_cove_ti_cc dollar_cove_ti_cc: delta_q correction:-446154
<14>[  378.607847] healthd: battery l=100 v=4786 t=-10.0 h=5 st=3 c=-15 chg=
<6>[  383.622155] iTCO_wdt: iTCO_wdt_keepalive
<6>[  393.627163] iTCO_wdt: iTCO_wdt_keepalive
<6>[  403.632161] iTCO_wdt: iTCO_wdt_keepalive
<6>[  408.692575] dollar_cove_ti_cc dollar_cove_ti_cc: delta_q raw:-1219
<6>[  408.706538] dollar_cove_ti_cc dollar_cove_ti_cc: delta_smpl:112
<6>[  408.713190] dollar_cove_ti_cc dollar_cove_ti_cc: delta_q correction:-446154
<14>[  408.925151] healthd: battery l=100 v=4786 t=-10.0 h=5 st=3 c=-15 chg=
<6>[  413.637312] iTCO_wdt: iTCO_wdt_keepalive
<6>[  423.642286] iTCO_wdt: iTCO_wdt_keepalive
<6>[  433.647436] iTCO_wdt: iTCO_wdt_keepalive
<6>[  438.933395] dollar_cove_ti_cc dollar_cove_ti_cc: delta_q raw:-1220
<6>[  438.947042] dollar_cove_ti_cc dollar_cove_ti_cc: delta_smpl:112
<6>[  438.953691] dollar_cove_ti_cc dollar_cove_ti_cc: delta_q correction:-446520
<14>[  439.165470] healthd: battery l=100 v=4787 t=-10.0 h=5 st=3 c=-15 chg=
<6>[  443.652429] iTCO_wdt: iTCO_wdt_keepalive
<6>[  453.657502] iTCO_wdt: iTCO_wdt_keepalive
<6>[  463.662463] iTCO_wdt: iTCO_wdt_keepalive
<6>[  469.172925] dollar_cove_ti_cc dollar_cove_ti_cc: delta_q raw:-1219
<6>[  469.187510] dollar_cove_ti_cc dollar_cove_ti_cc: delta_smpl:112
<6>[  469.195554] dollar_cove_ti_cc dollar_cove_ti_cc: delta_q correction:-446154
<14>[  469.408484] healthd: battery l=100 v=4786 t=-10.0 h=5 st=3 c=-15 chg=
<6>[  473.667567] iTCO_wdt: iTCO_wdt_keepalive
<6>[  483.672552] iTCO_wdt: iTCO_wdt_keepalive
<6>[  493.677631] iTCO_wdt: iTCO_wdt_keepalive
<6>[  499.493277] dollar_cove_ti_cc dollar_cove_ti_cc: delta_q raw:-1217
<6>[  499.507202] dollar_cove_ti_cc dollar_cove_ti_cc: delta_smpl:112
<6>[  499.513853] dollar_cove_ti_cc dollar_cove_ti_cc: delta_q correction:-445422
<14>[  499.727792] healthd: battery l=100 v=4786 t=-10.0 h=5 st=3 c=-15 chg=
<6>[  503.682627] iTCO_wdt: iTCO_wdt_keepalive
<6>[  513.687786] iTCO_wdt: iTCO_wdt_keepalive
<6>[  523.692779] iTCO_wdt: iTCO_wdt_keepalive
<6>[  529.812830] dollar_cove_ti_cc dollar_cove_ti_cc: delta_q raw:-1218
<6>[  529.826753] dollar_cove_ti_cc dollar_cove_ti_cc: delta_smpl:112
<6>[  529.833403] dollar_cove_ti_cc dollar_cove_ti_cc: delta_q correction:-445788
<14>[  530.045640] healthd: battery l=100 v=4786 t=-10.0 h=5 st=3 c=-15 chg=
<6>[  533.697920] iTCO_wdt: iTCO_wdt_keepalive
<6>[  543.702895] iTCO_wdt: iTCO_wdt_keepalive
<6>[  553.708054] iTCO_wdt: iTCO_wdt_keepalive
<6>[  560.052391] dollar_cove_ti_cc dollar_cove_ti_cc: delta_q raw:-1219
<6>[  560.066306] dollar_cove_ti_cc dollar_cove_ti_cc: delta_smpl:112
<6>[  560.072957] dollar_cove_ti_cc dollar_cove_ti_cc: delta_q correction:-446154
<14>[  560.285069] healthd: battery l=100 v=4786 t=-10.0 h=5 st=3 c=-15 chg=
<6>[  563.713039] iTCO_wdt: iTCO_wdt_keepalive
<6>[  573.718196] iTCO_wdt: iTCO_wdt_keepalive
<6>[  576.642262] request_suspend_state: wakeup (3->0) at 576108143703 (2015-09-18 09:18:08.821292694 UTC)
<3>[  576.655350] pci 0000:00:00.0: Power on VHDMI failed
<7>[  576.664474] i915 0000:00:02.0: setting latency timer to 64
